Archive member included to satisfy reference by file (symbol)

/Applications/STM32CubeIDE.app/Contents/Eclipse/plugins/com.st.stm32cube.ide.mcu.externaltools.gnu-tools-for-stm32.9-2020-q2-update.macos64_1.5.0.202011040924/tools/bin/../lib/gcc/arm-none-eabi/9.3.1/../../../../arm-none-eabi/lib/thumb/v6-m/nofp/libc_nano.a(lib_a-errno.o)
                              Core/Src/syscalls.o (__errno)
/Applications/STM32CubeIDE.app/Contents/Eclipse/plugins/com.st.stm32cube.ide.mcu.externaltools.gnu-tools-for-stm32.9-2020-q2-update.macos64_1.5.0.202011040924/tools/bin/../lib/gcc/arm-none-eabi/9.3.1/../../../../arm-none-eabi/lib/thumb/v6-m/nofp/libc_nano.a(lib_a-exit.o)
                              /Applications/STM32CubeIDE.app/Contents/Eclipse/plugins/com.st.stm32cube.ide.mcu.externaltools.gnu-tools-for-stm32.9-2020-q2-update.macos64_1.5.0.202011040924/tools/bin/../lib/gcc/arm-none-eabi/9.3.1/../../../../arm-none-eabi/lib/thumb/v6-m/nofp/crt0.o (exit)
/Applications/STM32CubeIDE.app/Contents/Eclipse/plugins/com.st.stm32cube.ide.mcu.externaltools.gnu-tools-for-stm32.9-2020-q2-update.macos64_1.5.0.202011040924/tools/bin/../lib/gcc/arm-none-eabi/9.3.1/../../../../arm-none-eabi/lib/thumb/v6-m/nofp/libc_nano.a(lib_a-impure.o)
                              /Applications/STM32CubeIDE.app/Contents/Eclipse/plugins/com.st.stm32cube.ide.mcu.externaltools.gnu-tools-for-stm32.9-2020-q2-update.macos64_1.5.0.202011040924/tools/bin/../lib/gcc/arm-none-eabi/9.3.1/../../../../arm-none-eabi/lib/thumb/v6-m/nofp/libc_nano.a(lib_a-exit.o) (_global_impure_ptr)
/Applications/STM32CubeIDE.app/Contents/Eclipse/plugins/com.st.stm32cube.ide.mcu.externaltools.gnu-tools-for-stm32.9-2020-q2-update.macos64_1.5.0.202011040924/tools/bin/../lib/gcc/arm-none-eabi/9.3.1/../../../../arm-none-eabi/lib/thumb/v6-m/nofp/libc_nano.a(lib_a-init.o)
                              /Applications/STM32CubeIDE.app/Contents/Eclipse/plugins/com.st.stm32cube.ide.mcu.externaltools.gnu-tools-for-stm32.9-2020-q2-update.macos64_1.5.0.202011040924/tools/bin/../lib/gcc/arm-none-eabi/9.3.1/../../../../arm-none-eabi/lib/thumb/v6-m/nofp/crt0.o (__libc_init_array)
/Applications/STM32CubeIDE.app/Contents/Eclipse/plugins/com.st.stm32cube.ide.mcu.externaltools.gnu-tools-for-stm32.9-2020-q2-update.macos64_1.5.0.202011040924/tools/bin/../lib/gcc/arm-none-eabi/9.3.1/../../../../arm-none-eabi/lib/thumb/v6-m/nofp/libc_nano.a(lib_a-memset.o)
                              /Applications/STM32CubeIDE.app/Contents/Eclipse/plugins/com.st.stm32cube.ide.mcu.externaltools.gnu-tools-for-stm32.9-2020-q2-update.macos64_1.5.0.202011040924/tools/bin/../lib/gcc/arm-none-eabi/9.3.1/../../../../arm-none-eabi/lib/thumb/v6-m/nofp/crt0.o (memset)
/Applications/STM32CubeIDE.app/Contents/Eclipse/plugins/com.st.stm32cube.ide.mcu.externaltools.gnu-tools-for-stm32.9-2020-q2-update.macos64_1.5.0.202011040924/tools/bin/../lib/gcc/arm-none-eabi/9.3.1/../../../../arm-none-eabi/lib/thumb/v6-m/nofp/libc_nano.a(lib_a-sprintf.o)
                              Core/Src/main.o (sprintf)
/Applications/STM32CubeIDE.app/Contents/Eclipse/plugins/com.st.stm32cube.ide.mcu.externaltools.gnu-tools-for-stm32.9-2020-q2-update.macos64_1.5.0.202011040924/tools/bin/../lib/gcc/arm-none-eabi/9.3.1/../../../../arm-none-eabi/lib/thumb/v6-m/nofp/libc_nano.a(lib_a-strlen.o)
                              Core/Src/main.o (strlen)
/Applications/STM32CubeIDE.app/Contents/Eclipse/plugins/com.st.stm32cube.ide.mcu.externaltools.gnu-tools-for-stm32.9-2020-q2-update.macos64_1.5.0.202011040924/tools/bin/../lib/gcc/arm-none-eabi/9.3.1/../../../../arm-none-eabi/lib/thumb/v6-m/nofp/libc_nano.a(lib_a-nano-svfprintf.o)
                              /Applications/STM32CubeIDE.app/Contents/Eclipse/plugins/com.st.stm32cube.ide.mcu.externaltools.gnu-tools-for-stm32.9-2020-q2-update.macos64_1.5.0.202011040924/tools/bin/../lib/gcc/arm-none-eabi/9.3.1/../../../../arm-none-eabi/lib/thumb/v6-m/nofp/libc_nano.a(lib_a-sprintf.o) (_svfprintf_r)
/Applications/STM32CubeIDE.app/Contents/Eclipse/plugins/com.st.stm32cube.ide.mcu.externaltools.gnu-tools-for-stm32.9-2020-q2-update.macos64_1.5.0.202011040924/tools/bin/../lib/gcc/arm-none-eabi/9.3.1/../../../../arm-none-eabi/lib/thumb/v6-m/nofp/libc_nano.a(lib_a-nano-vfprintf_i.o)
                              /Applications/STM32CubeIDE.app/Contents/Eclipse/plugins/com.st.stm32cube.ide.mcu.externaltools.gnu-tools-for-stm32.9-2020-q2-update.macos64_1.5.0.202011040924/tools/bin/../lib/gcc/arm-none-eabi/9.3.1/../../../../arm-none-eabi/lib/thumb/v6-m/nofp/libc_nano.a(lib_a-nano-svfprintf.o) (_printf_i)
/Applications/STM32CubeIDE.app/Contents/Eclipse/plugins/com.st.stm32cube.ide.mcu.externaltools.gnu-tools-for-stm32.9-2020-q2-update.macos64_1.5.0.202011040924/tools/bin/../lib/gcc/arm-none-eabi/9.3.1/../../../../arm-none-eabi/lib/thumb/v6-m/nofp/libc_nano.a(lib_a-memchr-stub.o)
[...]
Memory Configuration

Name             Origin             Length             Attributes
RAM              0x0000000020000000 0x0000000000002000 xrw
FLASH            0x0000000008000000 0x0000000000010000 xr
*default*        0x0000000000000000 0xffffffffffffffff

Linker script and memory map

LOAD /Applications/STM32CubeIDE.app/Contents/Eclipse/plugins/com.st.stm32cube.ide.mcu.externaltools.gnu-tools-for-stm32.9-2020-q2-update.macos64_1.5.0.202011040924/tools/bin/../lib/gcc/arm-none-eabi/9.3.1/thumb/v6-m/nofp/crti.o
LOAD /Applications/STM32CubeIDE.app/Contents/Eclipse/plugins/com.st.stm32cube.ide.mcu.externaltools.gnu-tools-for-stm32.9-2020-q2-update.macos64_1.5.0.202011040924/tools/bin/../lib/gcc/arm-none-eabi/9.3.1/thumb/v6-m/nofp/crtbegin.o
LOAD /Applications/STM32CubeIDE.app/Contents/Eclipse/plugins/com.st.stm32cube.ide.mcu.externaltools.gnu-tools-for-stm32.9-2020-q2-update.macos64_1.5.0.202011040924/tools/bin/../lib/gcc/arm-none-eabi/9.3.1/../../../../arm-none-eabi/lib/thumb/v6-m/nofp/crt0.o
LOAD Core/Src/HX711.o
LOAD Core/Src/gpio.o
LOAD Core/Src/i2c.o
LOAD Core/Src/main.o
LOAD Core/Src/oled.o
LOAD Core/Src/sht30.o
LOAD Core/Src/stm32f0xx_hal_msp.o
LOAD Core/Src/stm32f0xx_it.o
LOAD Core/Src/syscalls.o
LOAD Core/Src/sysmem.o
LOAD Core/Src/system_stm32f0xx.o
LOAD Core/Src/tim.o
LOAD Core/Src/usart.o
LOAD Core/Startup/startup_stm32f030c8tx.o
LOAD Drivers/STM32F0xx_HAL_Driver/Src/stm32f0xx_hal.o
LOAD Drivers/STM32F0xx_HAL_Driver/Src/stm32f0xx_hal_cortex.o
LOAD Drivers/STM32F0xx_HAL_Driver/Src/stm32f0xx_hal_dma.o
LOAD Drivers/STM32F0xx_HAL_Driver/Src/stm32f0xx_hal_exti.o
LOAD Drivers/STM32F0xx_HAL_Driver/Src/stm32f0xx_hal_flash.o
LOAD Drivers/STM32F0xx_HAL_Driver/Src/stm32f0xx_hal_flash_ex.o
LOAD Drivers/STM32F0xx_HAL_Driver/Src/stm32f0xx_hal_gpio.o
LOAD Drivers/STM32F0xx_HAL_Driver/Src/stm32f0xx_hal_i2c.o
LOAD Drivers/STM32F0xx_HAL_Driver/Src/stm32f0xx_hal_i2c_ex.o
LOAD Drivers/STM32F0xx_HAL_Driver/Src/stm32f0xx_hal_pwr.o
LOAD Drivers/STM32F0xx_HAL_Driver/Src/stm32f0xx_hal_pwr_ex.o
LOAD Drivers/STM32F0xx_HAL_Driver/Src/stm32f0xx_hal_rcc.o
LOAD Drivers/STM32F0xx_HAL_Driver/Src/stm32f0xx_hal_rcc_ex.o
LOAD Drivers/STM32F0xx_HAL_Driver/Src/stm32f0xx_hal_tim.o
LOAD Drivers/STM32F0xx_HAL_Driver/Src/stm32f0xx_hal_tim_ex.o
LOAD Drivers/STM32F0xx_HAL_Driver/Src/stm32f0xx_hal_uart.o
LOAD Drivers/STM32F0xx_HAL_Driver/Src/stm32f0xx_hal_uart_ex.o
LOAD mcu_sdk/mcu_api.o
LOAD mcu_sdk/protocol.o
LOAD mcu_sdk/system.o
START GROUP
LOAD /Applications/STM32CubeIDE.app/Contents/Eclipse/plugins/com.st.stm32cube.ide.mcu.externaltools.gnu-tools-for-stm32.9-2020-q2-update.macos64_1.5.0.202011040924/tools/bin/../lib/gcc/arm-none-eabi/9.3.1/../../../../arm-none-eabi/lib/thumb/v6-m/nofp/libc_nano.a
LOAD /Applications/STM32CubeIDE.app/Contents/Eclipse/plugins/com.st.stm32cube.ide.mcu.externaltools.gnu-tools-for-stm32.9-2020-q2-update.macos64_1.5.0.202011040924/tools/bin/../lib/gcc/arm-none-eabi/9.3.1/../../../../arm-none-eabi/lib/thumb/v6-m/nofp/libm.a
END GROUP
START GROUP
LOAD /Applications/STM32CubeIDE.app/Contents/Eclipse/plugins/com.st.stm32cube.ide.mcu.externaltools.gnu-tools-for-stm32.9-2020-q2-update.macos64_1.5.0.202011040924/tools/bin/../lib/gcc/arm-none-eabi/9.3.1/thumb/v6-m/nofp/libgcc.a
LOAD /Applications/STM32CubeIDE.app/Contents/Eclipse/plugins/com.st.stm32cube.ide.mcu.externaltools.gnu-tools-for-stm32.9-2020-q2-update.macos64_1.5.0.202011040924/tools/bin/../lib/gcc/arm-none-eabi/9.3.1/../../../../arm-none-eabi/lib/thumb/v6-m/nofp/libc_nano.a
END GROUP
START GROUP
LOAD /Applications/STM32CubeIDE.app/Contents/Eclipse/plugins/com.st.stm32cube.ide.mcu.externaltools.gnu-tools-for-stm32.9-2020-q2-update.macos64_1.5.0.202011040924/tools/bin/../lib/gcc/arm-none-eabi/9.3.1/thumb/v6-m/nofp/libgcc.a
LOAD /Applications/STM32CubeIDE.app/Contents/Eclipse/plugins/com.st.stm32cube.ide.mcu.externaltools.gnu-tools-for-stm32.9-2020-q2-update.macos64_1.5.0.202011040924/tools/bin/../lib/gcc/arm-none-eabi/9.3.1/../../../../arm-none-eabi/lib/thumb/v6-m/nofp/libc_nano.a
LOAD /Applications/STM32CubeIDE.app/Contents/Eclipse/plugins/com.st.stm32cube.ide.mcu.externaltools.gnu-tools-for-stm32.9-2020-q2-update.macos64_1.5.0.202011040924/tools/bin/../lib/gcc/arm-none-eabi/9.3.1/../../../../arm-none-eabi/lib/thumb/v6-m/nofp/libnosys.a
END GROUP
START GROUP
LOAD /Applications/STM32CubeIDE.app/Contents/Eclipse/plugins/com.st.stm32cube.ide.mcu.externaltools.gnu-tools-for-stm32.9-2020-q2-update.macos64_1.5.0.202011040924/tools/bin/../lib/gcc/arm-none-eabi/9.3.1/thumb/v6-m/nofp/libgcc.a
LOAD /Applications/STM32CubeIDE.app/Contents/Eclipse/plugins/com.st.stm32cube.ide.mcu.externaltools.gnu-tools-for-stm32.9-2020-q2-update.macos64_1.5.0.202011040924/tools/bin/../lib/gcc/arm-none-eabi/9.3.1/../../../../arm-none-eabi/lib/thumb/v6-m/nofp/libc_nano.a
LOAD /Applications/STM32CubeIDE.app/Contents/Eclipse/plugins/com.st.stm32cube.ide.mcu.externaltools.gnu-tools-for-stm32.9-2020-q2-update.macos64_1.5.0.202011040924/tools/bin/../lib/gcc/arm-none-eabi/9.3.1/../../../../arm-none-eabi/lib/thumb/v6-m/nofp/libnosys.a
END GROUP
LOAD /Applications/STM32CubeIDE.app/Contents/Eclipse/plugins/com.st.stm32cube.ide.mcu.externaltools.gnu-tools-for-stm32.9-2020-q2-update.macos64_1.5.0.202011040924/tools/bin/../lib/gcc/arm-none-eabi/9.3.1/thumb/v6-m/nofp/crtend.o
LOAD /Applications/STM32CubeIDE.app/Contents/Eclipse/plugins/com.st.stm32cube.ide.mcu.externaltools.gnu-tools-for-stm32.9-2020-q2-update.macos64_1.5.0.202011040924/tools/bin/../lib/gcc/arm-none-eabi/9.3.1/thumb/v6-m/nofp/crtn.o
                0x0000000020002000                _estack = (ORIGIN (RAM) + LENGTH (RAM))
                0x0000000000000200                _Min_Heap_Size = 0x200
                0x0000000000000400                _Min_Stack_Size = 0x400

.isr_vector     0x0000000008000000       0xc0
                0x0000000008000000                . = ALIGN (0x4)
 *(.isr_vector)
 .isr_vector    0x0000000008000000       0xc0 Core/Startup/startup_stm32f030c8tx.o
                0x0000000008000000                g_pfnVectors
                0x00000000080000c0                . = ALIGN (0x4)

.text           0x00000000080000c0     0x6658
                0x00000000080000c0                . = ALIGN (0x4)
 *(.text)
 .text          0x00000000080000c0       0x48 /Applications/STM32CubeIDE.app/Contents/Eclipse/plugins/com.st.stm32cube.ide.mcu.externaltools.gnu-tools-for-stm32.9-2020-q2-update.macos64_1.5.0.202011040924/tools/bin/../lib/gcc/arm-none-eabi/9.3.1/thumb/v6-m/nofp/crtbegin.o
 .text          0x0000000008000108        0xe /Applications/STM32CubeIDE.app/Contents/Eclipse/plugins/com.st.stm32cube.ide.mcu.externaltools.gnu-tools-for-stm32.9-2020-q2-update.macos64_1.5.0.202011040924/tools/bin/../lib/gcc/arm-none-eabi/9.3.1/../../../../arm-none-eabi/lib/thumb/v6-m/nofp/libc_nano.a(lib_a-strlen.o)
                0x0000000008000108                strlen
 *fill*         0x0000000008000116        0x2 
 .text          0x0000000008000118       0x14 /Applications/STM32CubeIDE.app/Contents/Eclipse/plugins/com.st.stm32cube.ide.mcu.externaltools.gnu-tools-for-stm32.9-2020-q2-update.macos64_1.5.0.202011040924/tools/bin/../lib/gcc/arm-none-eabi/9.3.1/thumb/v6-m/nofp/libgcc.a(_thumb1_case_shi.o)
                0x0000000008000118                __gnu_thumb1_case_shi
 .text          0x000000000800012c      0x114 /Applications/STM32CubeIDE.app/Contents/Eclipse/plugins/com.st.stm32cube.ide.mcu.externaltools.gnu-tools-for-stm32.9-2020-q2-update.macos64_1.5.0.202011040924/tools/bin/../lib/gcc/arm-none-eabi/9.3.1/thumb/v6-m/nofp/libgcc.a(_udivsi3.o)
                0x000000000800012c                __udivsi3
                0x000000000800012c                __aeabi_uidiv
                0x0000000008000238                __aeabi_uidivmod
 .text          0x0000000008000240        0x4 /Applications/STM32CubeIDE.app/Contents/Eclipse/plugins/com.st.stm32cube.ide.mcu.externaltools.gnu-tools-for-stm32.9-2020-q2-update.macos64_1.5.0.202011040924/tools/bin/../lib/gcc/arm-none-eabi/9.3.1/thumb/v6-m/nofp/libgcc.a(_dvmd_tls.o)
                0x0000000008000240                __aeabi_ldiv0
                0x0000000008000240                __aeabi_idiv0
 .text          0x0000000008000244       0x30 /Applications/STM32CubeIDE.app/Contents/Eclipse/plugins/com.st.stm32cube.ide.mcu.externaltools.gnu-tools-for-stm32.9-2020-q2-update.macos64_1.5.0.202011040924/tools/bin/../lib/gcc/arm-none-eabi/9.3.1/thumb/v6-m/nofp/libgcc.a(_fixunssfsi.o)
                0x0000000008000244                __aeabi_f2uiz
                0x0000000008000244                __fixunssfsi
 .text          0x0000000008000274      0x218 /Applications/STM32CubeIDE.app/Contents/Eclipse/plugins/com.st.stm32cube.ide.mcu.externaltools.gnu-tools-for-stm32.9-2020-q2-update.macos64_1.5.0.202011040924/tools/bin/../lib/gcc/arm-none-eabi/9.3.1/thumb/v6-m/nofp/libgcc.a(divsf3.o)
                0x0000000008000274                __aeabi_fdiv
 .text          0x000000000800048c      0x234 /Applications/STM32CubeIDE.app/Contents/Eclipse/plugins/com.st.stm32cube.ide.mcu.externaltools.gnu-tools-for-stm32.9-2020-q2-update.macos64_1.5.0.202011040924/tools/bin/../lib/gcc/arm-none-eabi/9.3.1/thumb/v6-m/nofp/libgcc.a(mulsf3.o)
                0x000000000800048c                __aeabi_fmul
 .text          0x00000000080006c0      0x390 /Applications/STM32CubeIDE.app/Contents/Eclipse/plugins/com.st.stm32cube.ide.mcu.externaltools.gnu-tools-for-stm32.9-2020-q2-update.macos64_1.5.0.202011040924/tools/bin/../lib/gcc/arm-none-eabi/9.3.1/thumb/v6-m/nofp/libgcc.a(subsf3.o)
                0x00000000080006c0                __aeabi_fsub
 .text          0x0000000008000a50       0x40 /Applications/STM32CubeIDE.app/Contents/Eclipse/plugins/com.st.stm32cube.ide.mcu.externaltools.gnu-tools-for-stm32.9-2020-q2-update.macos64_1.5.0.202011040924/tools/bin/../lib/gcc/arm-none-eabi/9.3.1/thumb/v6-m/nofp/libgcc.a(fixsfsi.o)
                0x0000000008000a50                __aeabi_f2iz
 .text          0x0000000008000a90       0x8c /Applications/STM32CubeIDE.app/Contents/Eclipse/plugins/com.st.stm32cube.ide.mcu.externaltools.gnu-tools-for-stm32.9-2020-q2-update.macos64_1.5.0.202011040924/tools/bin/../lib/gcc/arm-none-eabi/9.3.1/thumb/v6-m/nofp/libgcc.a(floatsisf.o)
                0x0000000008000a90                __aeabi_i2f
 .text          0x0000000008000b1c       0x78 /Applications/STM32CubeIDE.app/Contents/Eclipse/plugins/com.st.stm32cube.ide.mcu.externaltools.gnu-tools-for-stm32.9-2020-q2-update.macos64_1.5.0.202011040924/tools/bin/../lib/gcc/arm-none-eabi/9.3.1/thumb/v6-m/nofp/libgcc.a(floatunsisf.o)
                0x0000000008000b1c                __aeabi_ui2f
 .text          0x0000000008000b94       0x74 /Applications/STM32CubeIDE.app/Contents/Eclipse/plugins/com.st.stm32cube.ide.mcu.externaltools.gnu-tools-for-stm32.9-2020-q2-update.macos64_1.5.0.202011040924/tools/bin/../lib/gcc/arm-none-eabi/9.3.1/thumb/v6-m/nofp/libgcc.a(_arm_cmpsf2.o)
                0x0000000008000b94                __aeabi_cfrcmple
                0x0000000008000b9c                __aeabi_cfcmple
                0x0000000008000b9c                __aeabi_cfcmpeq
                0x0000000008000bac                __aeabi_fcmpeq
                0x0000000008000bb8                __aeabi_fcmplt
                0x0000000008000bcc                __aeabi_fcmple
                0x0000000008000be0                __aeabi_fcmpgt
                0x0000000008000bf4                __aeabi_fcmpge
 .text          0x0000000008000c08       0x3c /Applications/STM32CubeIDE.app/Contents/Eclipse/plugins/com.st.stm32cube.ide.mcu.externaltools.gnu-tools-for-stm32.9-2020-q2-update.macos64_1.5.0.202011040924/tools/bin/../lib/gcc/arm-none-eabi/9.3.1/thumb/v6-m/nofp/libgcc.a(_clzsi2.o)
                0x0000000008000c08                __clzsi2
 .text          0x0000000008000c44       0x50 /Applications/STM32CubeIDE.app/Contents/Eclipse/plugins/com.st.stm32cube.ide.mcu.externaltools.gnu-tools-for-stm32.9-2020-q2-update.macos64_1.5.0.202011040924/tools/bin/../lib/gcc/arm-none-eabi/9.3.1/thumb/v6-m/nofp/libgcc.a(eqsf2.o)
                0x0000000008000c44                __nesf2
                0x0000000008000c44                __eqsf2
 .text          0x0000000008000c94       0x98 /Applications/STM32CubeIDE.app/Contents/Eclipse/plugins/com.st.stm32cube.ide.mcu.externaltools.gnu-tools-for-stm32.9-2020-q2-update.macos64_1.5.0.202011040924/tools/bin/../lib/gcc/arm-none-eabi/9.3.1/thumb/v6-m/nofp/libgcc.a(gesf2.o)
                0x0000000008000c94                __gtsf2
                0x0000000008000c94                __gesf2
 .text          0x0000000008000d2c       0x94 /Applications/STM32CubeIDE.app/Contents/Eclipse/plugins/com.st.stm32cube.ide.mcu.externaltools.gnu-tools-for-stm32.9-2020-q2-update.macos64_1.5.0.202011040924/tools/bin/../lib/gcc/arm-none-eabi/9.3.1/thumb/v6-m/nofp/libgcc.a(lesf2.o)
                0x0000000008000d2c                __lesf2
                0x0000000008000d2c                __ltsf2
 *(.text*)
 .text.ReadWeigh
                0x0000000008000dc0       0xd4 Core/Src/HX711.o
                0x0000000008000dc0                ReadWeigh
 .text.Get_Maopi
                0x0000000008000e94       0x18 Core/Src/HX711.o
                0x0000000008000e94                Get_Maopi
 .text.Get_Weight
                0x0000000008000eac       0x70 Core/Src/HX711.o
                0x0000000008000eac                Get_Weight
 .text.Weight_Init
                0x0000000008000f1c       0x1c Core/Src/HX711.o
                0x0000000008000f1c                Weight_Init
 .text.Weight_Update
                0x0000000008000f38       0x28 Core/Src/HX711.o
                0x0000000008000f38                Weight_Update
 .text.My_abs   0x0000000008000f60       0x18 Core/Src/HX711.o
                0x0000000008000f60                My_abs
 .text.Weight_Handle
                0x0000000008000f78       0x54 Core/Src/HX711.o
                0x0000000008000f78                Weight_Handle
 .text.MX_GPIO_Init
                0x0000000008000fcc      0x120 Core/Src/gpio.o
                0x0000000008000fcc                MX_GPIO_Init
 .text.MX_I2C1_Init
                0x00000000080010ec       0x94 Core/Src/i2c.o
                0x00000000080010ec                MX_I2C1_Init
 .text.HAL_I2C_MspInit
                0x0000000008001180       0x9c Core/Src/i2c.o
                0x0000000008001180                HAL_I2C_MspInit
 .text.main     0x000000000800121c      0x1b0 Core/Src/main.o
                0x000000000800121c                main
 .text.SystemClock_Config
                0x00000000080013cc       0xc8 Core/Src/main.o
                0x00000000080013cc                SystemClock_Config
 .text.Error_Handler
                0x0000000008001494        0xa Core/Src/main.o
                0x0000000008001494                Error_Handler
 *fill*         0x000000000800149e        0x2 
 .text.WriteCmd
                0x00000000080014a0       0x58 Core/Src/oled.o
                0x00000000080014a0                WriteCmd
 .text.OLED_WR_CMD
                0x00000000080014f8       0x34 Core/Src/oled.o
                0x00000000080014f8                OLED_WR_CMD
 .text.OLED_WR_DATA
                0x000000000800152c       0x34 Core/Src/oled.o
                0x000000000800152c                OLED_WR_DATA
 .text.OLED_Init
                0x0000000008001560       0x14 Core/Src/oled.o
                0x0000000008001560                OLED_Init
 .text.OLED_Clear
                0x0000000008001574       0x66 Core/Src/oled.o
                0x0000000008001574                OLED_Clear
 .text.OLED_Display_On
                0x00000000080015da       0x1c Core/Src/oled.o
                0x00000000080015da                OLED_Display_On
 .text.OLED_Set_Pos
                0x00000000080015f6       0x4c Core/Src/oled.o
                0x00000000080015f6                OLED_Set_Pos
 *fill*         0x0000000008001642        0x2 
 .text.OLED_ShowChar
                0x0000000008001644      0x158 Core/Src/oled.o
                0x0000000008001644                OLED_ShowChar
 .text.OLED_ShowString
                0x000000000800179c       0x90 Core/Src/oled.o
                0x000000000800179c                OLED_ShowString
 .text.OLED_Update
                0x000000000800182c       0x58 Core/Src/oled.o
                0x000000000800182c                OLED_Update
 .text.SHT30_Send_Cmd
                0x0000000008001884       0x48 Core/Src/sht30.o
 .text.SHT30_Reset
                0x00000000080018cc       0x1c Core/Src/sht30.o
                0x00000000080018cc                SHT30_Reset
 .text.SHT30_Init
                0x00000000080018e8       0x18 Core/Src/sht30.o
                0x00000000080018e8                SHT30_Init
 .text.SHT30_Read_Dat
                0x0000000008001900       0x34 Core/Src/sht30.o
                0x0000000008001900                SHT30_Read_Dat
 .text.CheckCrc8
                0x0000000008001934       0xb8 Core/Src/sht30.o
                0x0000000008001934                CheckCrc8
 .text.SHT30_Dat_To_Float
                0x00000000080019ec       0xf8 Core/Src/sht30.o
                0x00000000080019ec                SHT30_Dat_To_Float
 .text.HAL_MspInit
                0x0000000008001ae4       0x48 Core/Src/stm32f0xx_hal_msp.o
                0x0000000008001ae4                HAL_MspInit
 .text.NMI_Handler
                0x0000000008001b2c        0x6 Core/Src/stm32f0xx_it.o
                0x0000000008001b2c                NMI_Handler
 .text.HardFault_Handler
                0x0000000008001b32        0x6 Core/Src/stm32f0xx_it.o
                0x0000000008001b32                HardFault_Handler
 .text.SVC_Handler
                0x0000000008001b38        0xa Core/Src/stm32f0xx_it.o
                0x0000000008001b38                SVC_Handler
 .text.PendSV_Handler
                0x0000000008001b42        0xa Core/Src/stm32f0xx_it.o
                0x0000000008001b42                PendSV_Handler
 .text.SysTick_Handler
                0x0000000008001b4c        0xe Core/Src/stm32f0xx_it.o
                0x0000000008001b4c                SysTick_Handler
 *fill*         0x0000000008001b5a        0x2 
 .text.USART1_IRQHandler
                0x0000000008001b5c       0x3c Core/Src/stm32f0xx_it.o
                0x0000000008001b5c                USART1_IRQHandler
 .text._sbrk    0x0000000008001b98       0x6c Core/Src/sysmem.o
                0x0000000008001b98                _sbrk
 .text.SystemInit
                0x0000000008001c04        0xa Core/Src/system_stm32f0xx.o
                0x0000000008001c04                SystemInit
 *fill*         0x0000000008001c0e        0x2 
 .text.MX_TIM6_Init
                0x0000000008001c10       0x44 Core/Src/tim.o
                0x0000000008001c10                MX_TIM6_Init
 .text.HAL_TIM_Base_MspInit
                0x0000000008001c54       0x3c Core/Src/tim.o
                0x0000000008001c54                HAL_TIM_Base_MspInit
 .text.Delay_us
                0x0000000008001c90       0x58 Core/Src/tim.o
                0x0000000008001c90                Delay_us
 .text.MX_USART1_UART_Init
                0x0000000008001ce8       0x60 Core/Src/usart.o
                0x0000000008001ce8                MX_USART1_UART_Init
 .text.HAL_UART_MspInit
                0x0000000008001d48       0xac Core/Src/usart.o
                0x0000000008001d48                HAL_UART_MspInit
 .text.Reset_Handler
                0x0000000008001df4       0x50 Core/Startup/startup_stm32f030c8tx.o
                0x0000000008001df4                Reset_Handler
 .text.Default_Handler
                0x0000000008001e44        0x2 Core/Startup/startup_stm32f030c8tx.o
                0x0000000008001e44                TIM1_BRK_UP_TRG_COM_IRQHandler
                0x0000000008001e44                TIM6_IRQHandler
                0x0000000008001e44                I2C1_IRQHandler
                0x0000000008001e44                SPI1_IRQHandler
                0x0000000008001e44                EXTI2_3_IRQHandler
                0x0000000008001e44                ADC1_IRQHandler
                0x0000000008001e44                I2C2_IRQHandler
                0x0000000008001e44                TIM17_IRQHandler
                0x0000000008001e44                RTC_IRQHandler
                0x0000000008001e44                TIM16_IRQHandler
                0x0000000008001e44                TIM3_IRQHandler
                0x0000000008001e44                EXTI4_15_IRQHandler
                0x0000000008001e44                RCC_IRQHandler
                0x0000000008001e44                DMA1_Channel1_IRQHandler
                0x0000000008001e44                Default_Handler
                0x0000000008001e44                TIM14_IRQHandler
                0x0000000008001e44                DMA1_Channel4_5_IRQHandler
                0x0000000008001e44                TIM15_IRQHandler
                0x0000000008001e44                EXTI0_1_IRQHandler
                0x0000000008001e44                SPI2_IRQHandler
                0x0000000008001e44                WWDG_IRQHandler
                0x0000000008001e44                DMA1_Channel2_3_IRQHandler
                0x0000000008001e44                USART2_IRQHandler
                0x0000000008001e44                FLASH_IRQHandler
                0x0000000008001e44                TIM1_CC_IRQHandler
 *fill*         0x0000000008001e46        0x2 
 .text.HAL_Init
                0x0000000008001e48       0x28 Drivers/STM32F0xx_HAL_Driver/Src/stm32f0xx_hal.o
                0x0000000008001e48                HAL_Init
 .text.HAL_InitTick
                0x0000000008001e70       0x68 Drivers/STM32F0xx_HAL_Driver/Src/stm32f0xx_hal.o
                0x0000000008001e70                HAL_InitTick
 .text.HAL_IncTick
                0x0000000008001ed8       0x24 Drivers/STM32F0xx_HAL_Driver/Src/stm32f0xx_hal.o
                0x0000000008001ed8                HAL_IncTick
 .text.HAL_GetTick
                0x0000000008001efc       0x14 Drivers/STM32F0xx_HAL_Driver/Src/stm32f0xx_hal.o
                0x0000000008001efc                HAL_GetTick
 .text.HAL_Delay
                0x0000000008001f10       0x48 Drivers/STM32F0xx_HAL_Driver/Src/stm32f0xx_hal.o
                0x0000000008001f10                HAL_Delay
 .text.__NVIC_EnableIRQ
                0x0000000008001f58       0x34 Drivers/STM32F0xx_HAL_Driver/Src/stm32f0xx_hal_cortex.o
 .text.__NVIC_SetPriority
                0x0000000008001f8c       0xdc Drivers/STM32F0xx_HAL_Driver/Src/stm32f0xx_hal_cortex.o
 .text.SysTick_Config
                0x0000000008002068       0x48 Drivers/STM32F0xx_HAL_Driver/Src/stm32f0xx_hal_cortex.o
 .text.HAL_NVIC_SetPriority
                0x00000000080020b0       0x2a Drivers/STM32F0xx_HAL_Driver/Src/stm32f0xx_hal_cortex.o
                0x00000000080020b0                HAL_NVIC_SetPriority
 .text.HAL_NVIC_EnableIRQ
                0x00000000080020da       0x20 Drivers/STM32F0xx_HAL_Driver/Src/stm32f0xx_hal_cortex.o
                0x00000000080020da                HAL_NVIC_EnableIRQ
 .text.HAL_SYSTICK_Config
                0x00000000080020fa       0x1a Drivers/STM32F0xx_HAL_Driver/Src/stm32f0xx_hal_cortex.o
                0x00000000080020fa                HAL_SYSTICK_Config
 .text.HAL_DMA_Abort
                0x0000000008002114       0x70 Drivers/STM32F0xx_HAL_Driver/Src/stm32f0xx_hal_dma.o
                0x0000000008002114                HAL_DMA_Abort
 .text.HAL_DMA_Abort_IT
                0x0000000008002184       0x8a Drivers/STM32F0xx_HAL_Driver/Src/stm32f0xx_hal_dma.o
                0x0000000008002184                HAL_DMA_Abort_IT
 *fill*         0x000000000800220e        0x2 
 .text.HAL_GPIO_Init
                0x0000000008002210      0x2e0 Drivers/STM32F0xx_HAL_Driver/Src/stm32f0xx_hal_gpio.o
                0x0000000008002210                HAL_GPIO_Init
 .text.HAL_GPIO_ReadPin
                0x00000000080024f0       0x3a Drivers/STM32F0xx_HAL_Driver/Src/stm32f0xx_hal_gpio.o
                0x00000000080024f0                HAL_GPIO_ReadPin
 .text.HAL_GPIO_WritePin
                0x000000000800252a       0x3a Drivers/STM32F0xx_HAL_Driver/Src/stm32f0xx_hal_gpio.o
                0x000000000800252a                HAL_GPIO_WritePin
 .text.HAL_I2C_Init
                0x0000000008002564      0x12c Drivers/STM32F0xx_HAL_Driver/Src/stm32f0xx_hal_i2c.o
                0x0000000008002564                HAL_I2C_Init
 .text.HAL_I2C_Master_Transmit
                0x0000000008002690      0x210 Drivers/STM32F0xx_HAL_Driver/Src/stm32f0xx_hal_i2c.o
                0x0000000008002690                HAL_I2C_Master_Transmit
 .text.HAL_I2C_Master_Receive
                0x00000000080028a0      0x210 Drivers/STM32F0xx_HAL_Driver/Src/stm32f0xx_hal_i2c.o
                0x00000000080028a0                HAL_I2C_Master_Receive
 .text.HAL_I2C_Mem_Write
                0x0000000008002ab0      0x25c Drivers/STM32F0xx_HAL_Driver/Src/stm32f0xx_hal_i2c.o
                0x0000000008002ab0                HAL_I2C_Mem_Write
 .text.I2C_RequestMemoryWrite
                0x0000000008002d0c       0xc8 Drivers/STM32F0xx_HAL_Driver/Src/stm32f0xx_hal_i2c.o
 .text.I2C_Flush_TXDR
                0x0000000008002dd4       0x44 Drivers/STM32F0xx_HAL_Driver/Src/stm32f0xx_hal_i2c.o
 .text.I2C_WaitOnFlagUntilTimeout
                0x0000000008002e18       0x7e Drivers/STM32F0xx_HAL_Driver/Src/stm32f0xx_hal_i2c.o
 .text.I2C_WaitOnTXISFlagUntilTimeout
                0x0000000008002e96       0x7e Drivers/STM32F0xx_HAL_Driver/Src/stm32f0xx_hal_i2c.o
 .text.I2C_WaitOnSTOPFlagUntilTimeout
                0x0000000008002f14       0x78 Drivers/STM32F0xx_HAL_Driver/Src/stm32f0xx_hal_i2c.o
 .text.I2C_WaitOnRXNEFlagUntilTimeout
                0x0000000008002f8c       0xd8 Drivers/STM32F0xx_HAL_Driver/Src/stm32f0xx_hal_i2c.o
 .text.I2C_IsAcknowledgeFailed
                0x0000000008003064       0xcc Drivers/STM32F0xx_HAL_Driver/Src/stm32f0xx_hal_i2c.o
 .text.I2C_TransferConfig
                0x0000000008003130       0x6c Drivers/STM32F0xx_HAL_Driver/Src/stm32f0xx_hal_i2c.o
 .text.HAL_I2CEx_ConfigAnalogFilter
                0x000000000800319c       0x98 Drivers/STM32F0xx_HAL_Driver/Src/stm32f0xx_hal_i2c_ex.o
                0x000000000800319c                HAL_I2CEx_ConfigAnalogFilter
 .text.HAL_I2CEx_ConfigDigitalFilter
                0x0000000008003234       0x98 Drivers/STM32F0xx_HAL_Driver/Src/stm32f0xx_hal_i2c_ex.o
                0x0000000008003234                HAL_I2CEx_ConfigDigitalFilter
 .text.HAL_RCC_OscConfig
                0x00000000080032cc      0x634 Drivers/STM32F0xx_HAL_Driver/Src/stm32f0xx_hal_rcc.o
                0x00000000080032cc                HAL_RCC_OscConfig
 .text.HAL_RCC_ClockConfig
                0x0000000008003900      0x19c Drivers/STM32F0xx_HAL_Driver/Src/stm32f0xx_hal_rcc.o
                0x0000000008003900                HAL_RCC_ClockConfig
 .text.HAL_RCC_GetSysClockFreq
                0x0000000008003a9c       0xc8 Drivers/STM32F0xx_HAL_Driver/Src/stm32f0xx_hal_rcc.o
                0x0000000008003a9c                HAL_RCC_GetSysClockFreq
 .text.HAL_RCC_GetHCLKFreq
                0x0000000008003b64       0x14 Drivers/STM32F0xx_HAL_Driver/Src/stm32f0xx_hal_rcc.o
                0x0000000008003b64                HAL_RCC_GetHCLKFreq
 .text.HAL_RCC_GetPCLK1Freq
                0x0000000008003b78       0x2c Drivers/STM32F0xx_HAL_Driver/Src/stm32f0xx_hal_rcc.o
                0x0000000008003b78                HAL_RCC_GetPCLK1Freq
 .text.HAL_RCCEx_PeriphCLKConfig
                0x0000000008003ba4      0x19c Drivers/STM32F0xx_HAL_Driver/Src/stm32f0xx_hal_rcc_ex.o
                0x0000000008003ba4                HAL_RCCEx_PeriphCLKConfig
 .text.HAL_TIM_Base_Init
                0x0000000008003d40       0xa0 Drivers/STM32F0xx_HAL_Driver/Src/stm32f0xx_hal_tim.o
                0x0000000008003d40                HAL_TIM_Base_Init
 .text.HAL_TIM_Base_Start
                0x0000000008003de0       0x88 Drivers/STM32F0xx_HAL_Driver/Src/stm32f0xx_hal_tim.o
                0x0000000008003de0                HAL_TIM_Base_Start
 .text.HAL_TIM_Base_Stop
                0x0000000008003e68       0x4c Drivers/STM32F0xx_HAL_Driver/Src/stm32f0xx_hal_tim.o
                0x0000000008003e68                HAL_TIM_Base_Stop
 .text.TIM_Base_SetConfig
                0x0000000008003eb4       0xec Drivers/STM32F0xx_HAL_Driver/Src/stm32f0xx_hal_tim.o
                0x0000000008003eb4                TIM_Base_SetConfig
 .text.HAL_UART_Init
                0x0000000008003fa0       0xa8 Drivers/STM32F0xx_HAL_Driver/Src/stm32f0xx_hal_uart.o
                0x0000000008003fa0                HAL_UART_Init
 .text.HAL_UART_Transmit
                0x0000000008004048      0x152 Drivers/STM32F0xx_HAL_Driver/Src/stm32f0xx_hal_uart.o
                0x0000000008004048                HAL_UART_Transmit
 *fill*         0x000000000800419a        0x2 
 .text.HAL_UART_IRQHandler
                0x000000000800419c      0x3dc Drivers/STM32F0xx_HAL_Driver/Src/stm32f0xx_hal_uart.o
                0x000000000800419c                HAL_UART_IRQHandler
 .text.HAL_UART_TxCpltCallback
                0x0000000008004578       0x10 Drivers/STM32F0xx_HAL_Driver/Src/stm32f0xx_hal_uart.o
                0x0000000008004578                HAL_UART_TxCpltCallback
 .text.HAL_UART_ErrorCallback
                0x0000000008004588       0x10 Drivers/STM32F0xx_HAL_Driver/Src/stm32f0xx_hal_uart.o
                0x0000000008004588                HAL_UART_ErrorCallback
 .text.HAL_UARTEx_RxEventCallback
                0x0000000008004598       0x16 Drivers/STM32F0xx_HAL_Driver/Src/stm32f0xx_hal_uart.o
                0x0000000008004598                HAL_UARTEx_RxEventCallback
 *fill*         0x00000000080045ae        0x2 
 .text.UART_SetConfig
                0x00000000080045b0      0x280 Drivers/STM32F0xx_HAL_Driver/Src/stm32f0xx_hal_uart.o
                0x00000000080045b0                UART_SetConfig
 .text.UART_AdvFeatureConfig
                0x0000000008004830      0x168 Drivers/STM32F0xx_HAL_Driver/Src/stm32f0xx_hal_uart.o
                0x0000000008004830                UART_AdvFeatureConfig
 .text.UART_CheckIdleState
                0x0000000008004998       0x90 Drivers/STM32F0xx_HAL_Driver/Src/stm32f0xx_hal_uart.o
                0x0000000008004998                UART_CheckIdleState
 .text.UART_WaitOnFlagUntilTimeout
                0x0000000008004a28       0xfc Drivers/STM32F0xx_HAL_Driver/Src/stm32f0xx_hal_uart.o
                0x0000000008004a28                UART_WaitOnFlagUntilTimeout
 .text.UART_EndRxTransfer
                0x0000000008004b24       0x60 Drivers/STM32F0xx_HAL_Driver/Src/stm32f0xx_hal_uart.o
 .text.UART_DMAAbortOnError
                0x0000000008004b84       0x2e Drivers/STM32F0xx_HAL_Driver/Src/stm32f0xx_hal_uart.o
 .text.UART_EndTransmit_IT
                0x0000000008004bb2       0x34 Drivers/STM32F0xx_HAL_Driver/Src/stm32f0xx_hal_uart.o
 .text.my_strlen
                0x0000000008004be6       0x38 mcu_sdk/mcu_api.o
                0x0000000008004be6                my_strlen
 .text.my_memcpy
                0x0000000008004c1e       0xba mcu_sdk/mcu_api.o
                0x0000000008004c1e                my_memcpy
 .text.byte_to_int
                0x0000000008004cd8       0x58 mcu_sdk/mcu_api.o
                0x0000000008004cd8                byte_to_int
 .text.mcu_dp_raw_update
                0x0000000008004d30       0xbc mcu_sdk/mcu_api.o
                0x0000000008004d30                mcu_dp_raw_update
 .text.mcu_dp_bool_update
                0x0000000008004dec       0xc4 mcu_sdk/mcu_api.o
                0x0000000008004dec                mcu_dp_bool_update
 .text.mcu_dp_value_update
                0x0000000008004eb0       0xec mcu_sdk/mcu_api.o
                0x0000000008004eb0                mcu_dp_value_update
 .text.mcu_dp_enum_update
                0x0000000008004f9c       0xa8 mcu_sdk/mcu_api.o
                0x0000000008004f9c                mcu_dp_enum_update
 .text.mcu_get_dp_download_bool
                0x0000000008005044       0x1a mcu_sdk/mcu_api.o
                0x0000000008005044                mcu_get_dp_download_bool
 .text.mcu_get_dp_download_enum
                0x000000000800505e       0x1a mcu_sdk/mcu_api.o
                0x000000000800505e                mcu_get_dp_download_enum
 .text.mcu_get_dp_download_value
                0x0000000008005078       0x20 mcu_sdk/mcu_api.o
                0x0000000008005078                mcu_get_dp_download_value
 .text.uart_receive_input
                0x0000000008005098       0x70 mcu_sdk/mcu_api.o
                0x0000000008005098                uart_receive_input
 .text.wifi_uart_service
                0x0000000008005108      0x19c mcu_sdk/mcu_api.o
                0x0000000008005108                wifi_uart_service
 .text.wifi_protocol_init
                0x00000000080052a4       0x38 mcu_sdk/mcu_api.o
                0x00000000080052a4                wifi_protocol_init
 .text.uart_transmit_output
                0x00000000080052dc       0x28 mcu_sdk/protocol.o
                0x00000000080052dc                uart_transmit_output
 .text.all_data_update
                0x0000000008005304        0xa mcu_sdk/protocol.o
                0x0000000008005304                all_data_update
 .text.dp_download_meal_plan_handle
                0x000000000800530e       0x3a mcu_sdk/protocol.o
 .text.dp_download_quick_feed_handle
                0x0000000008005348       0x4e mcu_sdk/protocol.o
 .text.dp_download_manual_feed_handle
                0x0000000008005396       0x48 mcu_sdk/protocol.o
 .text.dp_download_unit_handle
                0x00000000080053de       0x72 mcu_sdk/protocol.o
 .text.dp_download_slow_feed_handle
                0x0000000008005450       0x4e mcu_sdk/protocol.o
 .text.dp_download_export_calibrate_handle
                0x000000000800549e       0x4e mcu_sdk/protocol.o
 .text.dp_download_weight_calibrate_handle
                0x00000000080054ec       0x4e mcu_sdk/protocol.o
 .text.dp_download_voice_times_handle
                0x000000000800553a       0x48 mcu_sdk/protocol.o
 *fill*         0x0000000008005582        0x2 
 .text.dp_download_light_handle
                0x0000000008005584       0x7c mcu_sdk/protocol.o
 .text.dp_download_switch_handle
                0x0000000008005600       0x4e mcu_sdk/protocol.o
 *fill*         0x000000000800564e        0x2 
 .text.dp_download_handle
                0x0000000008005650      0x130 mcu_sdk/protocol.o
                0x0000000008005650                dp_download_handle
 .text.get_download_cmd_total
                0x0000000008005780        0xc mcu_sdk/protocol.o
                0x0000000008005780                get_download_cmd_total
 .text.wifi_test_result
                0x000000000800578c       0x1a mcu_sdk/protocol.o
                0x000000000800578c                wifi_test_result
 *fill*         0x00000000080057a6        0x2 
 .text.set_wifi_uart_byte
                0x00000000080057a8       0x40 mcu_sdk/system.o
                0x00000000080057a8                set_wifi_uart_byte
 .text.set_wifi_uart_buffer
                0x00000000080057e8       0x50 mcu_sdk/system.o
                0x00000000080057e8                set_wifi_uart_buffer
 .text.get_check_sum
                0x0000000008005838       0x5c mcu_sdk/system.o
                0x0000000008005838                get_check_sum
 .text.wifi_uart_write_data
                0x0000000008005894       0x46 mcu_sdk/system.o
 *fill*         0x00000000080058da        0x2 
 .text.wifi_uart_write_frame
                0x00000000080058dc       0xa8 mcu_sdk/system.o
                0x00000000080058dc                wifi_uart_write_frame
 .text.heat_beat_check
                0x0000000008005984       0x64 mcu_sdk/system.o
 .text.product_info_update
                0x00000000080059e8      0x150 mcu_sdk/system.o
 .text.get_mcu_wifi_mode
                0x0000000008005b38       0x24 mcu_sdk/system.o
 .text.get_dowmload_dpid_index
                0x0000000008005b5c       0x68 mcu_sdk/system.o
 .text.data_point_handle
                0x0000000008005bc4       0x9c mcu_sdk/system.o
 .text.data_handle
                0x0000000008005c60      0x17c mcu_sdk/system.o
                0x0000000008005c60                data_handle
 .text.with_data_rxbuff
                0x0000000008005ddc       0x24 mcu_sdk/system.o
                0x0000000008005ddc                with_data_rxbuff
 .text.take_byte_rxbuff
                0x0000000008005e00       0x50 mcu_sdk/system.o
                0x0000000008005e00                take_byte_rxbuff
 .text.__errno  0x0000000008005e50        0xc /Applications/STM32CubeIDE.app/Contents/Eclipse/plugins/com.st.stm32cube.ide.mcu.externaltools.gnu-tools-for-stm32.9-2020-q2-update.macos64_1.5.0.202011040924/tools/bin/../lib/gcc/arm-none-eabi/9.3.1/../../../../arm-none-eabi/lib/thumb/v6-m/nofp/libc_nano.a(lib_a-errno.o)
                0x0000000008005e50                __errno
 .text.__libc_init_array
                0x0000000008005e5c       0x48 /Applications/STM32CubeIDE.app/Contents/Eclipse/plugins/com.st.stm32cube.ide.mcu.externaltools.gnu-tools-for-stm32.9-2020-q2-update.macos64_1.5.0.202011040924/tools/bin/../lib/gcc/arm-none-eabi/9.3.1/../../../../arm-none-eabi/lib/thumb/v6-m/nofp/libc_nano.a(lib_a-init.o)
                0x0000000008005e5c                __libc_init_array
 .text.memset   0x0000000008005ea4       0x10 /Applications/STM32CubeIDE.app/Contents/Eclipse/plugins/com.st.stm32cube.ide.mcu.externaltools.gnu-tools-for-stm32.9-2020-q2-update.macos64_1.5.0.202011040924/tools/bin/../lib/gcc/arm-none-eabi/9.3.1/../../../../arm-none-eabi/lib/thumb/v6-m/nofp/libc_nano.a(lib_a-memset.o)
                0x0000000008005ea4                memset
 .text.sprintf  0x0000000008005eb4       0x40 /Applications/STM32CubeIDE.app/Contents/Eclipse/plugins/com.st.stm32cube.ide.mcu.externaltools.gnu-tools-for-stm32.9-2020-q2-update.macos64_1.5.0.202011040924/tools/bin/../lib/gcc/arm-none-eabi/9.3.1/../../../../arm-none-eabi/lib/thumb/v6-m/nofp/libc_nano.a(lib_a-sprintf.o)
                0x0000000008005eb4                sprintf
                0x0000000008005eb4                siprintf
 .text.__ssputs_r
                0x0000000008005ef4       0xc4 /Applications/STM32CubeIDE.app/Contents/Eclipse/plugins/com.st.stm32cube.ide.mcu.externaltools.gnu-tools-for-stm32.9-2020-q2-update.macos64_1.5.0.202011040924/tools/bin/../lib/gcc/arm-none-eabi/9.3.1/../../../../arm-none-eabi/lib/thumb/v6-m/nofp/libc_nano.a(lib_a-nano-svfprintf.o)
                0x0000000008005ef4                __ssputs_r
 .text._svfprintf_r
                0x0000000008005fb8      0x200 /Applications/STM32CubeIDE.app/Contents/Eclipse/plugins/com.st.stm32cube.ide.mcu.externaltools.gnu-tools-for-stm32.9-2020-q2-update.macos64_1.5.0.202011040924/tools/bin/../lib/gcc/arm-none-eabi/9.3.1/../../../../arm-none-eabi/lib/thumb/v6-m/nofp/libc_nano.a(lib_a-nano-svfprintf.o)
                0x0000000008005fb8                _svfprintf_r
                0x0000000008005fb8                _svfiprintf_r
 .text._printf_common
                0x00000000080061b8       0xde /Applications/STM32CubeIDE.app/Contents/Eclipse/plugins/com.st.stm32cube.ide.mcu.externaltools.gnu-tools-for-stm32.9-2020-q2-update.macos64_1.5.0.202011040924/tools/bin/../lib/gcc/arm-none-eabi/9.3.1/../../../../arm-none-eabi/lib/thumb/v6-m/nofp/libc_nano.a(lib_a-nano-vfprintf_i.o)
                0x00000000080061b8                _printf_common
 *fill*         0x0000000008006296        0x2 
 .text._printf_i
                0x0000000008006298      0x224 /Applications/STM32CubeIDE.app/Contents/Eclipse/plugins/com.st.stm32cube.ide.mcu.externaltools.gnu-tools-for-stm32.9-2020-q2-update.macos64_1.5.0.202011040924/tools/bin/../lib/gcc/arm-none-eabi/9.3.1/../../../../arm-none-eabi/lib/thumb/v6-m/nofp/libc_nano.a(lib_a-nano-vfprintf_i.o)
                0x0000000008006298                _printf_i
 .text.memchr   0x00000000080064bc       0x16 /Applications/STM32CubeIDE.app/Contents/Eclipse/plugins/com.st.stm32cube.ide.mcu.externaltools.gnu-tools-for-stm32.9-2020-q2-update.macos64_1.5.0.202011040924/tools/bin/../lib/gcc/arm-none-eabi/9.3.1/../../../../arm-none-eabi/lib/thumb/v6-m/nofp/libc_nano.a(lib_a-memchr-stub.o)
                0x00000000080064bc                memchr
 .text.memcpy   0x00000000080064d2       0x12 /Applications/STM32CubeIDE.app/Contents/Eclipse/plugins/com.st.stm32cube.ide.mcu.externaltools.gnu-tools-for-stm32.9-2020-q2-update.macos64_1.5.0.202011040924/tools/bin/../lib/gcc/arm-none-eabi/9.3.1/../../../../arm-none-eabi/lib/thumb/v6-m/nofp/libc_nano.a(lib_a-memcpy-stub.o)
                0x00000000080064d2                memcpy
 .text.memmove  0x00000000080064e4       0x26 /Applications/STM32CubeIDE.app/Contents/Eclipse/plugins/com.st.stm32cube.ide.mcu.externaltools.gnu-tools-for-stm32.9-2020-q2-update.macos64_1.5.0.202011040924/tools/bin/../lib/gcc/arm-none-eabi/9.3.1/../../../../arm-none-eabi/lib/thumb/v6-m/nofp/libc_nano.a(lib_a-memmove.o)
                0x00000000080064e4                memmove
 *fill*         0x000000000800650a        0x2 
 .text._free_r  0x000000000800650c       0x94 /Applications/STM32CubeIDE.app/Contents/Eclipse/plugins/com.st.stm32cube.ide.mcu.externaltools.gnu-tools-for-stm32.9-2020-q2-update.macos64_1.5.0.202011040924/tools/bin/../lib/gcc/arm-none-eabi/9.3.1/../../../../arm-none-eabi/lib/thumb/v6-m/nofp/libc_nano.a(lib_a-nano-freer.o)
                0x000000000800650c                _free_r
 .text._malloc_r
                0x00000000080065a0       0xbc /Applications/STM32CubeIDE.app/Contents/Eclipse/plugins/com.st.stm32cube.ide.mcu.externaltools.gnu-tools-for-stm32.9-2020-q2-update.macos64_1.5.0.202011040924/tools/bin/../lib/gcc/arm-none-eabi/9.3.1/../../../../arm-none-eabi/lib/thumb/v6-m/nofp/libc_nano.a(lib_a-nano-mallocr.o)
                0x00000000080065a0                _malloc_r
 .text._realloc_r
                0x000000000800665c       0x4c /Applications/STM32CubeIDE.app/Contents/Eclipse/plugins/com.st.stm32cube.ide.mcu.externaltools.gnu-tools-for-stm32.9-2020-q2-update.macos64_1.5.0.202011040924/tools/bin/../lib/gcc/arm-none-eabi/9.3.1/../../../../arm-none-eabi/lib/thumb/v6-m/nofp/libc_nano.a(lib_a-nano-reallocr.o)
                0x000000000800665c                _realloc_r
 .text._sbrk_r  0x00000000080066a8       0x24 /Applications/STM32CubeIDE.app/Contents/Eclipse/plugins/com.st.stm32cube.ide.mcu.externaltools.gnu-tools-for-stm32.9-2020-q2-update.macos64_1.5.0.202011040924/tools/bin/../lib/gcc/arm-none-eabi/9.3.1/../../../../arm-none-eabi/lib/thumb/v6-m/nofp/libc_nano.a(lib_a-sbrkr.o)
                0x00000000080066a8                _sbrk_r
 .text.__malloc_lock
                0x00000000080066cc       0x10 /Applications/STM32CubeIDE.app/Contents/Eclipse/plugins/com.st.stm32cube.ide.mcu.externaltools.gnu-tools-for-stm32.9-2020-q2-update.macos64_1.5.0.202011040924/tools/bin/../lib/gcc/arm-none-eabi/9.3.1/../../../../arm-none-eabi/lib/thumb/v6-m/nofp/libc_nano.a(lib_a-mlock.o)
                0x00000000080066cc                __malloc_lock
 .text.__malloc_unlock
                0x00000000080066dc       0x10 /Applications/STM32CubeIDE.app/Contents/Eclipse/plugins/com.st.stm32cube.ide.mcu.externaltools.gnu-tools-for-stm32.9-2020-q2-update.macos64_1.5.0.202011040924/tools/bin/../lib/gcc/arm-none-eabi/9.3.1/../../../../arm-none-eabi/lib/thumb/v6-m/nofp/libc_nano.a(lib_a-mlock.o)
                0x00000000080066dc                __malloc_unlock
 .text._malloc_usable_size_r
                0x00000000080066ec       0x10 /Applications/STM32CubeIDE.app/Contents/Eclipse/plugins/com.st.stm32cube.ide.mcu.externaltools.gnu-tools-for-stm32.9-2020-q2-update.macos64_1.5.0.202011040924/tools/bin/../lib/gcc/arm-none-eabi/9.3.1/../../../../arm-none-eabi/lib/thumb/v6-m/nofp/libc_nano.a(lib_a-nano-msizer.o)
                0x00000000080066ec                _malloc_usable_size_r
 .text.__retarget_lock_acquire_recursive
                0x00000000080066fc        0x2 /Applications/STM32CubeIDE.app/Contents/Eclipse/plugins/com.st.stm32cube.ide.mcu.externaltools.gnu-tools-for-stm32.9-2020-q2-update.macos64_1.5.0.202011040924/tools/bin/../lib/gcc/arm-none-eabi/9.3.1/../../../../arm-none-eabi/lib/thumb/v6-m/nofp/libc_nano.a(lib_a-lock.o)
                0x00000000080066fc                __retarget_lock_acquire_recursive
 .text.__retarget_lock_release_recursive
                0x00000000080066fe        0x2 /Applications/STM32CubeIDE.app/Contents/Eclipse/plugins/com.st.stm32cube.ide.mcu.externaltools.gnu-tools-for-stm32.9-2020-q2-update.macos64_1.5.0.202011040924/tools/bin/../lib/gcc/arm-none-eabi/9.3.1/../../../../arm-none-eabi/lib/thumb/v6-m/nofp/libc_nano.a(lib_a-lock.o)
                0x00000000080066fe                __retarget_lock_release_recursive
 *(.glue_7)
 .glue_7        0x0000000008006700        0x0 linker stubs
 *(.glue_7t)
 .glue_7t       0x0000000008006700        0x0 linker stubs
 *(.eh_frame)
 .eh_frame      0x0000000008006700        0x0 /Applications/STM32CubeIDE.app/Contents/Eclipse/plugins/com.st.stm32cube.ide.mcu.externaltools.gnu-tools-for-stm32.9-2020-q2-update.macos64_1.5.0.202011040924/tools/bin/../lib/gcc/arm-none-eabi/9.3.1/thumb/v6-m/nofp/crtbegin.o
 *(.init)
 .init          0x0000000008006700        0x4 /Applications/STM32CubeIDE.app/Contents/Eclipse/plugins/com.st.stm32cube.ide.mcu.externaltools.gnu-tools-for-stm32.9-2020-q2-update.macos64_1.5.0.202011040924/tools/bin/../lib/gcc/arm-none-eabi/9.3.1/thumb/v6-m/nofp/crti.o
                0x0000000008006700                _init
 .init          0x0000000008006704        0x8 /Applications/STM32CubeIDE.app/Contents/Eclipse/plugins/com.st.stm32cube.ide.mcu.externaltools.gnu-tools-for-stm32.9-2020-q2-update.macos64_1.5.0.202011040924/tools/bin/../lib/gcc/arm-none-eabi/9.3.1/thumb/v6-m/nofp/crtn.o
 *(.fini)
 .fini          0x000000000800670c        0x4 /Applications/STM32CubeIDE.app/Contents/Eclipse/plugins/com.st.stm32cube.ide.mcu.externaltools.gnu-tools-for-stm32.9-2020-q2-update.macos64_1.5.0.202011040924/tools/bin/../lib/gcc/arm-none-eabi/9.3.1/thumb/v6-m/nofp/crti.o
                0x000000000800670c                _fini
 .fini          0x0000000008006710        0x8 /Applications/STM32CubeIDE.app/Contents/Eclipse/plugins/com.st.stm32cube.ide.mcu.externaltools.gnu-tools-for-stm32.9-2020-q2-update.macos64_1.5.0.202011040924/tools/bin/../lib/gcc/arm-none-eabi/9.3.1/thumb/v6-m/nofp/crtn.o
                0x0000000008006718                . = ALIGN (0x4)
                0x0000000008006718                _etext = .

.vfp11_veneer   0x0000000008006718        0x0
 .vfp11_veneer  0x0000000008006718        0x0 linker stubs

.v4_bx          0x0000000008006718        0x0
 .v4_bx         0x0000000008006718        0x0 linker stubs

.iplt           0x0000000008006718        0x0
 .iplt          0x0000000008006718        0x0 /Applications/STM32CubeIDE.app/Contents/Eclipse/plugins/com.st.stm32cube.ide.mcu.externaltools.gnu-tools-for-stm32.9-2020-q2-update.macos64_1.5.0.202011040924/tools/bin/../lib/gcc/arm-none-eabi/9.3.1/thumb/v6-m/nofp/crtbegin.o

.rodata         0x0000000008006718      0xab4
                0x0000000008006718                . = ALIGN (0x4)
 *(.rodata)
 .rodata        0x0000000008006718       0x7c Core/Src/main.o
 .rodata        0x0000000008006794       0x20 Drivers/STM32F0xx_HAL_Driver/Src/stm32f0xx_hal_rcc.o
 .rodata        0x00000000080067b4       0x3a mcu_sdk/system.o
 *fill*         0x00000000080067ee        0x2 
 .rodata        0x00000000080067f0       0x80 /Applications/STM32CubeIDE.app/Contents/Eclipse/plugins/com.st.stm32cube.ide.mcu.externaltools.gnu-tools-for-stm32.9-2020-q2-update.macos64_1.5.0.202011040924/tools/bin/../lib/gcc/arm-none-eabi/9.3.1/thumb/v6-m/nofp/libgcc.a(divsf3.o)
 .rodata        0x0000000008006870       0x40 /Applications/STM32CubeIDE.app/Contents/Eclipse/plugins/com.st.stm32cube.ide.mcu.externaltools.gnu-tools-for-stm32.9-2020-q2-update.macos64_1.5.0.202011040924/tools/bin/../lib/gcc/arm-none-eabi/9.3.1/thumb/v6-m/nofp/libgcc.a(mulsf3.o)
 *(.rodata*)
 .rodata.F6x8   0x00000000080068b0      0x228 Core/Src/oled.o
                0x00000000080068b0                F6x8
 .rodata.F8x16  0x0000000008006ad8      0x5f0 Core/Src/oled.o
                0x0000000008006ad8                F8x16
 .rodata.AHBPrescTable
                0x00000000080070c8       0x10 Core/Src/system_stm32f0xx.o
                0x00000000080070c8                AHBPrescTable
 .rodata.APBPrescTable
                0x00000000080070d8        0x8 Core/Src/system_stm32f0xx.o
                0x00000000080070d8                APBPrescTable
 .rodata.download_cmd
                0x00000000080070e0       0x26 mcu_sdk/protocol.o
                0x00000000080070e0                download_cmd
 *fill*         0x0000000008007106        0x2 
 .rodata.dp_download_handle
                0x0000000008007108       0x54 mcu_sdk/protocol.o
 .rodata.data_handle
                0x000000000800715c       0x3c mcu_sdk/system.o
 .rodata._svfprintf_r.str1.1
                0x0000000008007198       0x11 /Applications/STM32CubeIDE.app/Contents/Eclipse/plugins/com.st.stm32cube.ide.mcu.externaltools.gnu-tools-for-stm32.9-2020-q2-update.macos64_1.5.0.202011040924/tools/bin/../lib/gcc/arm-none-eabi/9.3.1/../../../../arm-none-eabi/lib/thumb/v6-m/nofp/libc_nano.a(lib_a-nano-svfprintf.o)
 .rodata._printf_i.str1.1
                0x00000000080071a9       0x22 /Applications/STM32CubeIDE.app/Contents/Eclipse/plugins/com.st.stm32cube.ide.mcu.externaltools.gnu-tools-for-stm32.9-2020-q2-update.macos64_1.5.0.202011040924/tools/bin/../lib/gcc/arm-none-eabi/9.3.1/../../../../arm-none-eabi/lib/thumb/v6-m/nofp/libc_nano.a(lib_a-nano-vfprintf_i.o)
                0x00000000080071cc                . = ALIGN (0x4)
 *fill*         0x00000000080071cb        0x1 

.rel.dyn        0x00000000080071cc        0x0
 .rel.iplt      0x00000000080071cc        0x0 /Applications/STM32CubeIDE.app/Contents/Eclipse/plugins/com.st.stm32cube.ide.mcu.externaltools.gnu-tools-for-stm32.9-2020-q2-update.macos64_1.5.0.202011040924/tools/bin/../lib/gcc/arm-none-eabi/9.3.1/thumb/v6-m/nofp/crtbegin.o

.ARM.extab      0x00000000080071cc        0x0
                0x00000000080071cc                . = ALIGN (0x4)
 *(.ARM.extab* .gnu.linkonce.armextab.*)
                0x00000000080071cc                . = ALIGN (0x4)

.ARM            0x00000000080071cc        0x0
                0x00000000080071cc                . = ALIGN (0x4)
                0x00000000080071cc                __exidx_start = .
 *(.ARM.exidx*)
                0x00000000080071cc                __exidx_end = .
                0x00000000080071cc                . = ALIGN (0x4)

.preinit_array  0x00000000080071cc        0x0
                0x00000000080071cc                . = ALIGN (0x4)
                0x00000000080071cc                PROVIDE (__preinit_array_start = .)
 *(.preinit_array*)
                0x00000000080071cc                PROVIDE (__preinit_array_end = .)
                0x00000000080071cc                . = ALIGN (0x4)

.init_array     0x00000000080071cc        0x4
                0x00000000080071cc                . = ALIGN (0x4)
                0x00000000080071cc                PROVIDE (__init_array_start = .)
 *(SORT_BY_NAME(.init_array.*))
 *(.init_array*)
 .init_array    0x00000000080071cc        0x4 /Applications/STM32CubeIDE.app/Contents/Eclipse/plugins/com.st.stm32cube.ide.mcu.externaltools.gnu-tools-for-stm32.9-2020-q2-update.macos64_1.5.0.202011040924/tools/bin/../lib/gcc/arm-none-eabi/9.3.1/thumb/v6-m/nofp/crtbegin.o
                0x00000000080071d0                PROVIDE (__init_array_end = .)
                0x00000000080071d0                . = ALIGN (0x4)

.fini_array     0x00000000080071d0        0x4
                0x00000000080071d0                . = ALIGN (0x4)
                [!provide]                        PROVIDE (__fini_array_start = .)
 *(SORT_BY_NAME(.fini_array.*))
 *(.fini_array*)
 .fini_array    0x00000000080071d0        0x4 /Applications/STM32CubeIDE.app/Contents/Eclipse/plugins/com.st.stm32cube.ide.mcu.externaltools.gnu-tools-for-stm32.9-2020-q2-update.macos64_1.5.0.202011040924/tools/bin/../lib/gcc/arm-none-eabi/9.3.1/thumb/v6-m/nofp/crtbegin.o
                [!provide]                        PROVIDE (__fini_array_end = .)
                0x00000000080071d4                . = ALIGN (0x4)
                0x00000000080071d4                _sidata = LOADADDR (.data)

.data           0x0000000020000000       0x8c load address 0x00000000080071d4
                0x0000000020000000                . = ALIGN (0x4)
                0x0000000020000000                _sdata = .
 *(.data)
 *(.data*)
 .data.CMD_Data
                0x0000000020000000       0x1b Core/Src/oled.o
                0x0000000020000000                CMD_Data
 *fill*         0x000000002000001b        0x1 
 .data.SystemCoreClock
                0x000000002000001c        0x4 Core/Src/system_stm32f0xx.o
                0x000000002000001c                SystemCoreClock
 .data.uwTickPrio
                0x0000000020000020        0x4 Drivers/STM32F0xx_HAL_Driver/Src/stm32f0xx_hal.o
                0x0000000020000020                uwTickPrio
 .data.uwTickFreq
                0x0000000020000024        0x1 Drivers/STM32F0xx_HAL_Driver/Src/stm32f0xx_hal.o
                0x0000000020000024                uwTickFreq
 *fill*         0x0000000020000025        0x3 
 .data._impure_ptr
                0x0000000020000028        0x4 /Applications/STM32CubeIDE.app/Contents/Eclipse/plugins/com.st.stm32cube.ide.mcu.externaltools.gnu-tools-for-stm32.9-2020-q2-update.macos64_1.5.0.202011040924/tools/bin/../lib/gcc/arm-none-eabi/9.3.1/../../../../arm-none-eabi/lib/thumb/v6-m/nofp/libc_nano.a(lib_a-impure.o)
                0x0000000020000028                _impure_ptr
 .data.impure_data
                0x000000002000002c       0x60 /Applications/STM32CubeIDE.app/Contents/Eclipse/plugins/com.st.stm32cube.ide.mcu.externaltools.gnu-tools-for-stm32.9-2020-q2-update.macos64_1.5.0.202011040924/tools/bin/../lib/gcc/arm-none-eabi/9.3.1/../../../../arm-none-eabi/lib/thumb/v6-m/nofp/libc_nano.a(lib_a-impure.o)
 *(.RamFunc)
 *(.RamFunc*)
                0x000000002000008c                . = ALIGN (0x4)
                0x000000002000008c                _edata = .

.igot.plt       0x000000002000008c        0x0 load address 0x0000000008007260
 .igot.plt      0x000000002000008c        0x0 /Applications/STM32CubeIDE.app/Contents/Eclipse/plugins/com.st.stm32cube.ide.mcu.externaltools.gnu-tools-for-stm32.9-2020-q2-update.macos64_1.5.0.202011040924/tools/bin/../lib/gcc/arm-none-eabi/9.3.1/thumb/v6-m/nofp/crtbegin.o
                0x000000002000008c                . = ALIGN (0x4)

.bss            0x000000002000008c      0x1ec load address 0x0000000008007260
                0x000000002000008c                _sbss = .
                0x000000002000008c                __bss_start__ = _sbss
 *(.bss)
 .bss           0x000000002000008c       0x1c /Applications/STM32CubeIDE.app/Contents/Eclipse/plugins/com.st.stm32cube.ide.mcu.externaltools.gnu-tools-for-stm32.9-2020-q2-update.macos64_1.5.0.202011040924/tools/bin/../lib/gcc/arm-none-eabi/9.3.1/thumb/v6-m/nofp/crtbegin.o
 *(.bss*)
 .bss.Weight_Maopi
                0x00000000200000a8        0x4 Core/Src/HX711.o
                0x00000000200000a8                Weight_Maopi
 .bss.Pre_Weight
                0x00000000200000ac        0x4 Core/Src/HX711.o
                0x00000000200000ac                Pre_Weight
 .bss.Weight    0x00000000200000b0        0x4 Core/Src/HX711.o
                0x00000000200000b0                Weight
 .bss.Cnt       0x00000000200000b4        0x4 Core/Src/HX711.o
                0x00000000200000b4                Cnt
 .bss.count     0x00000000200000b8        0x1 Core/Src/oled.o
                0x00000000200000b8                count
 *fill*         0x00000000200000b9        0x3 
 .bss.__sbrk_heap_end
                0x00000000200000bc        0x4 Core/Src/sysmem.o
 .bss.rx_in.7546
                0x00000000200000c0        0x2 mcu_sdk/mcu_api.o
 .bss.mcu_reset_state.7468
                0x00000000200000c2        0x1 mcu_sdk/system.o
 *fill*         0x00000000200000c3        0x1 
 .bss.__malloc_free_list
                0x00000000200000c4        0x4 /Applications/STM32CubeIDE.app/Contents/Eclipse/plugins/com.st.stm32cube.ide.mcu.externaltools.gnu-tools-for-stm32.9-2020-q2-update.macos64_1.5.0.202011040924/tools/bin/../lib/gcc/arm-none-eabi/9.3.1/../../../../arm-none-eabi/lib/thumb/v6-m/nofp/libc_nano.a(lib_a-nano-mallocr.o)
                0x00000000200000c4                __malloc_free_list
 .bss.__malloc_sbrk_start
                0x00000000200000c8        0x4 /Applications/STM32CubeIDE.app/Contents/Eclipse/plugins/com.st.stm32cube.ide.mcu.externaltools.gnu-tools-for-stm32.9-2020-q2-update.macos64_1.5.0.202011040924/tools/bin/../lib/gcc/arm-none-eabi/9.3.1/../../../../arm-none-eabi/lib/thumb/v6-m/nofp/libc_nano.a(lib_a-nano-mallocr.o)
                0x00000000200000c8                __malloc_sbrk_start
 *(COMMON)
 COMMON         0x00000000200000cc        0x4 Core/Src/HX711.o
                0x00000000200000cc                HX711_Buffer
 COMMON         0x00000000200000d0       0x4c Core/Src/i2c.o
                0x00000000200000d0                hi2c1
 COMMON         0x000000002000011c       0x48 Core/Src/tim.o
                0x000000002000011c                htim6
 COMMON         0x0000000020000164       0x84 Core/Src/usart.o
                0x0000000020000164                huart1
 COMMON         0x00000000200001e8        0x4 Drivers/STM32F0xx_HAL_Driver/Src/stm32f0xx_hal.o
                0x00000000200001e8                uwTick
 COMMON         0x00000000200001ec       0x7a mcu_sdk/system.o
                0x00000000200001ec                wifi_data_process_buf
                0x000000002000020b                set_wifimode_flag
                0x000000002000020c                rx_buf_in
                0x0000000020000210                wifi_uart_rx_buf
                0x0000000020000228                rx_buf_out
                0x000000002000022c                wifi_uart_tx_buf
                0x0000000020000263                wifi_work_state
                0x0000000020000264                reset_wifi_flag
                0x0000000020000265                stop_update_flag
 *fill*         0x0000000020000266        0x2 
 COMMON         0x0000000020000268        0x4 /Applications/STM32CubeIDE.app/Contents/Eclipse/plugins/com.st.stm32cube.ide.mcu.externaltools.gnu-tools-for-stm32.9-2020-q2-update.macos64_1.5.0.202011040924/tools/bin/../lib/gcc/arm-none-eabi/9.3.1/../../../../arm-none-eabi/lib/thumb/v6-m/nofp/libc_nano.a(lib_a-reent.o)
                0x0000000020000268                errno
 COMMON         0x000000002000026c        0x9 /Applications/STM32CubeIDE.app/Contents/Eclipse/plugins/com.st.stm32cube.ide.mcu.externaltools.gnu-tools-for-stm32.9-2020-q2-update.macos64_1.5.0.202011040924/tools/bin/../lib/gcc/arm-none-eabi/9.3.1/../../../../arm-none-eabi/lib/thumb/v6-m/nofp/libc_nano.a(lib_a-lock.o)
                0x000000002000026c                __lock___atexit_recursive_mutex
                0x000000002000026d                __lock___arc4random_mutex
                0x000000002000026e                __lock___env_recursive_mutex
                0x000000002000026f                __lock___sinit_recursive_mutex
                0x0000000020000270                __lock___malloc_recursive_mutex
                0x0000000020000271                __lock___at_quick_exit_mutex
                0x0000000020000272                __lock___dd_hash_mutex
                0x0000000020000273                __lock___tz_mutex
                0x0000000020000274                __lock___sfp_recursive_mutex
                0x0000000020000278                . = ALIGN (0x4)
 *fill*         0x0000000020000275        0x3 
                0x0000000020000278                _ebss = .
                0x0000000020000278                __bss_end__ = _ebss

._user_heap_stack
                0x0000000020000278      0x600 load address 0x0000000008007260
                0x0000000020000278                . = ALIGN (0x8)
                [!provide]                        PROVIDE (end = .)
                0x0000000020000278                PROVIDE (_end = .)
                0x0000000020000478                . = (. + _Min_Heap_Size)
 *fill*         0x0000000020000278      0x200 
                0x0000000020000878                . = (. + _Min_Stack_Size)
 *fill*         0x0000000020000478      0x400 
                0x0000000020000878                . = ALIGN (0x8)

/DISCARD/
 libc.a(*)
 libm.a(*)
 libgcc.a(*)

.ARM.attributes
                0x0000000000000000       0x28
 *(.ARM.attributes)
 .ARM.attributes
                0x0000000000000000       0x1e /Applications/STM32CubeIDE.app/Contents/Eclipse/plugins/com.st.stm32cube.ide.mcu.externaltools.gnu-tools-for-stm32.9-2020-q2-update.macos64_1.5.0.202011040924/tools/bin/../lib/gcc/arm-none-eabi/9.3.1/thumb/v6-m/nofp/crti.o
 .ARM.attributes
                0x000000000000001e       0x2c /Applications/STM32CubeIDE.app/Contents/Eclipse/plugins/com.st.stm32cube.ide.mcu.externaltools.gnu-tools-for-stm32.9-2020-q2-update.macos64_1.5.0.202011040924/tools/bin/../lib/gcc/arm-none-eabi/9.3.1/thumb/v6-m/nofp/crtbegin.o
 .ARM.attributes
                0x000000000000004a       0x2c Core/Src/HX711.o
 .ARM.attributes
                0x0000000000000076       0x2c Core/Src/gpio.o
 .ARM.attributes
                0x00000000000000a2       0x2c Core/Src/i2c.o
 .ARM.attributes
                0x00000000000000ce       0x2c Core/Src/main.o
 .ARM.attributes
                0x00000000000000fa       0x2c Core/Src/oled.o
 .ARM.attributes
                0x0000000000000126       0x2c Core/Src/sht30.o
 .ARM.attributes
                0x0000000000000152       0x2c Core/Src/stm32f0xx_hal_msp.o
 .ARM.attributes
                0x000000000000017e       0x2c Core/Src/stm32f0xx_it.o
 .ARM.attributes
                0x00000000000001aa       0x2c Core/Src/sysmem.o
 .ARM.attributes
                0x00000000000001d6       0x2c Core/Src/system_stm32f0xx.o
 .ARM.attributes
                0x0000000000000202       0x2c Core/Src/tim.o
 .ARM.attributes
                0x000000000000022e       0x2c Core/Src/usart.o
 .ARM.attributes
                0x000000000000025a       0x21 Core/Startup/startup_stm32f030c8tx.o
 .ARM.attributes
                0x000000000000027b       0x2c Drivers/STM32F0xx_HAL_Driver/Src/stm32f0xx_hal.o
 .ARM.attributes
                0x00000000000002a7       0x2c Drivers/STM32F0xx_HAL_Driver/Src/stm32f0xx_hal_cortex.o
 .ARM.attributes
                0x00000000000002d3       0x2c Drivers/STM32F0xx_HAL_Driver/Src/stm32f0xx_hal_dma.o
 .ARM.attributes
                0x00000000000002ff       0x2c Drivers/STM32F0xx_HAL_Driver/Src/stm32f0xx_hal_gpio.o
 .ARM.attributes
                0x000000000000032b       0x2c Drivers/STM32F0xx_HAL_Driver/Src/stm32f0xx_hal_i2c.o
 .ARM.attributes
                0x0000000000000357       0x2c Drivers/STM32F0xx_HAL_Driver/Src/stm32f0xx_hal_i2c_ex.o
 .ARM.attributes
                0x0000000000000383       0x2c Drivers/STM32F0xx_HAL_Driver/Src/stm32f0xx_hal_rcc.o
 .ARM.attributes
                0x00000000000003af       0x2c Drivers/STM32F0xx_HAL_Driver/Src/stm32f0xx_hal_rcc_ex.o
 .ARM.attributes
                0x00000000000003db       0x2c Drivers/STM32F0xx_HAL_Driver/Src/stm32f0xx_hal_tim.o
 .ARM.attributes
                0x0000000000000407       0x2c Drivers/STM32F0xx_HAL_Driver/Src/stm32f0xx_hal_uart.o
 .ARM.attributes
                0x0000000000000433       0x2c mcu_sdk/mcu_api.o
 .ARM.attributes
                0x000000000000045f       0x2c mcu_sdk/protocol.o
 .ARM.attributes
                0x000000000000048b       0x2c mcu_sdk/system.o
 .ARM.attributes
                0x00000000000004b7       0x2c /Applications/STM32CubeIDE.app/Contents/Eclipse/plugins/com.st.stm32cube.ide.mcu.externaltools.gnu-tools-for-stm32.9-2020-q2-update.macos64_1.5.0.202011040924/tools/bin/../lib/gcc/arm-none-eabi/9.3.1/../../../../arm-none-eabi/lib/thumb/v6-m/nofp/libc_nano.a(lib_a-errno.o)
 .ARM.attributes
                0x00000000000004e3       0x2c /Applications/STM32CubeIDE.app/Contents/Eclipse/plugins/com.st.stm32cube.ide.mcu.externaltools.gnu-tools-for-stm32.9-2020-q2-update.macos64_1.5.0.202011040924/tools/bin/../lib/gcc/arm-none-eabi/9.3.1/../../../../arm-none-eabi/lib/thumb/v6-m/nofp/libc_nano.a(lib_a-impure.o)
 .ARM.attributes
                0x000000000000050f       0x2c /Applications/STM32CubeIDE.app/Contents/Eclipse/plugins/com.st.stm32cube.ide.mcu.externaltools.gnu-tools-for-stm32.9-2020-q2-update.macos64_1.5.0.202011040924/tools/bin/../lib/gcc/arm-none-eabi/9.3.1/../../../../arm-none-eabi/lib/thumb/v6-m/nofp/libc_nano.a(lib_a-init.o)
 .ARM.attributes
                0x000000000000053b       0x2c /Applications/STM32CubeIDE.app/Contents/Eclipse/plugins/com.st.stm32cube.ide.mcu.externaltools.gnu-tools-for-stm32.9-2020-q2-update.macos64_1.5.0.202011040924/tools/bin/../lib/gcc/arm-none-eabi/9.3.1/../../../../arm-none-eabi/lib/thumb/v6-m/nofp/libc_nano.a(lib_a-memset.o)
 .ARM.attributes
                0x0000000000000567       0x2c /Applications/STM32CubeIDE.app/Contents/Eclipse/plugins/com.st.stm32cube.ide.mcu.externaltools.gnu-tools-for-stm32.9-2020-q2-update.macos64_1.5.0.202011040924/tools/bin/../lib/gcc/arm-none-eabi/9.3.1/../../../../arm-none-eabi/lib/thumb/v6-m/nofp/libc_nano.a(lib_a-sprintf.o)
 .ARM.attributes
                0x0000000000000593       0x1c /Applications/STM32CubeIDE.app/Contents/Eclipse/plugins/com.st.stm32cube.ide.mcu.externaltools.gnu-tools-for-stm32.9-2020-q2-update.macos64_1.5.0.202011040924/tools/bin/../lib/gcc/arm-none-eabi/9.3.1/../../../../arm-none-eabi/lib/thumb/v6-m/nofp/libc_nano.a(lib_a-strlen.o)
 .ARM.attributes
                0x00000000000005af       0x2c /Applications/STM32CubeIDE.app/Contents/Eclipse/plugins/com.st.stm32cube.ide.mcu.externaltools.gnu-tools-for-stm32.9-2020-q2-update.macos64_1.5.0.202011040924/tools/bin/../lib/gcc/arm-none-eabi/9.3.1/../../../../arm-none-eabi/lib/thumb/v6-m/nofp/libc_nano.a(lib_a-nano-svfprintf.o)
 .ARM.attributes
                0x00000000000005db       0x2c /Applications/STM32CubeIDE.app/Contents/Eclipse/plugins/com.st.stm32cube.ide.mcu.externaltools.gnu-tools-for-stm32.9-2020-q2-update.macos64_1.5.0.202011040924/tools/bin/../lib/gcc/arm-none-eabi/9.3.1/../../../../arm-none-eabi/lib/thumb/v6-m/nofp/libc_nano.a(lib_a-nano-vfprintf_i.o)
 .ARM.attributes
                0x0000000000000607       0x2c /Applications/STM32CubeIDE.app/Contents/Eclipse/plugins/com.st.stm32cube.ide.mcu.externaltools.gnu-tools-for-stm32.9-2020-q2-update.macos64_1.5.0.202011040924/tools/bin/../lib/gcc/arm-none-eabi/9.3.1/../../../../arm-none-eabi/lib/thumb/v6-m/nofp/libc_nano.a(lib_a-memchr-stub.o)
 .ARM.attributes
                0x0000000000000633       0x2c /Applications/STM32CubeIDE.app/Contents/Eclipse/plugins/com.st.stm32cube.ide.mcu.externaltools.gnu-tools-for-stm32.9-2020-q2-update.macos64_1.5.0.202011040924/tools/bin/../lib/gcc/arm-none-eabi/9.3.1/../../../../arm-none-eabi/lib/thumb/v6-m/nofp/libc_nano.a(lib_a-memcpy-stub.o)
 .ARM.attributes
                0x000000000000065f       0x2c /Applications/STM32CubeIDE.app/Contents/Eclipse/plugins/com.st.stm32cube.ide.mcu.externaltools.gnu-tools-for-stm32.9-2020-q2-update.macos64_1.5.0.202011040924/tools/bin/../lib/gcc/arm-none-eabi/9.3.1/../../../../arm-none-eabi/lib/thumb/v6-m/nofp/libc_nano.a(lib_a-memmove.o)
 .ARM.attributes
                0x000000000000068b       0x2c /Applications/STM32CubeIDE.app/Contents/Eclipse/plugins/com.st.stm32cube.ide.mcu.externaltools.gnu-tools-for-stm32.9-2020-q2-update.macos64_1.5.0.202011040924/tools/bin/../lib/gcc/arm-none-eabi/9.3.1/../../../../arm-none-eabi/lib/thumb/v6-m/nofp/libc_nano.a(lib_a-nano-freer.o)
 .ARM.attributes
                0x00000000000006b7       0x2c /Applications/STM32CubeIDE.app/Contents/Eclipse/plugins/com.st.stm32cube.ide.mcu.externaltools.gnu-tools-for-stm32.9-2020-q2-update.macos64_1.5.0.202011040924/tools/bin/../lib/gcc/arm-none-eabi/9.3.1/../../../../arm-none-eabi/lib/thumb/v6-m/nofp/libc_nano.a(lib_a-nano-mallocr.o)
 .ARM.attributes
                0x00000000000006e3       0x2c /Applications/STM32CubeIDE.app/Contents/Eclipse/plugins/com.st.stm32cube.ide.mcu.externaltools.gnu-tools-for-stm32.9-2020-q2-update.macos64_1.5.0.202011040924/tools/bin/../lib/gcc/arm-none-eabi/9.3.1/../../../../arm-none-eabi/lib/thumb/v6-m/nofp/libc_nano.a(lib_a-nano-reallocr.o)
 .ARM.attributes
                0x000000000000070f       0x2c /Applications/STM32CubeIDE.app/Contents/Eclipse/plugins/com.st.stm32cube.ide.mcu.externaltools.gnu-tools-for-stm32.9-2020-q2-update.macos64_1.5.0.202011040924/tools/bin/../lib/gcc/arm-none-eabi/9.3.1/../../../../arm-none-eabi/lib/thumb/v6-m/nofp/libc_nano.a(lib_a-sbrkr.o)
 .ARM.attributes
                0x000000000000073b       0x2c /Applications/STM32CubeIDE.app/Contents/Eclipse/plugins/com.st.stm32cube.ide.mcu.externaltools.gnu-tools-for-stm32.9-2020-q2-update.macos64_1.5.0.202011040924/tools/bin/../lib/gcc/arm-none-eabi/9.3.1/../../../../arm-none-eabi/lib/thumb/v6-m/nofp/libc_nano.a(lib_a-mlock.o)
 .ARM.attributes
                0x0000000000000767       0x2c /Applications/STM32CubeIDE.app/Contents/Eclipse/plugins/com.st.stm32cube.ide.mcu.externaltools.gnu-tools-for-stm32.9-2020-q2-update.macos64_1.5.0.202011040924/tools/bin/../lib/gcc/arm-none-eabi/9.3.1/../../../../arm-none-eabi/lib/thumb/v6-m/nofp/libc_nano.a(lib_a-nano-msizer.o)
 .ARM.attributes
                0x0000000000000793       0x2c /Applications/STM32CubeIDE.app/Contents/Eclipse/plugins/com.st.stm32cube.ide.mcu.externaltools.gnu-tools-for-stm32.9-2020-q2-update.macos64_1.5.0.202011040924/tools/bin/../lib/gcc/arm-none-eabi/9.3.1/../../../../arm-none-eabi/lib/thumb/v6-m/nofp/libc_nano.a(lib_a-reent.o)
 .ARM.attributes
                0x00000000000007bf       0x2c /Applications/STM32CubeIDE.app/Contents/Eclipse/plugins/com.st.stm32cube.ide.mcu.externaltools.gnu-tools-for-stm32.9-2020-q2-update.macos64_1.5.0.202011040924/tools/bin/../lib/gcc/arm-none-eabi/9.3.1/../../../../arm-none-eabi/lib/thumb/v6-m/nofp/libc_nano.a(lib_a-lock.o)
 .ARM.attributes
                0x00000000000007eb       0x1e /Applications/STM32CubeIDE.app/Contents/Eclipse/plugins/com.st.stm32cube.ide.mcu.externaltools.gnu-tools-for-stm32.9-2020-q2-update.macos64_1.5.0.202011040924/tools/bin/../lib/gcc/arm-none-eabi/9.3.1/thumb/v6-m/nofp/libgcc.a(_thumb1_case_shi.o)
 .ARM.attributes
                0x0000000000000809       0x1e /Applications/STM32CubeIDE.app/Contents/Eclipse/plugins/com.st.stm32cube.ide.mcu.externaltools.gnu-tools-for-stm32.9-2020-q2-update.macos64_1.5.0.202011040924/tools/bin/../lib/gcc/arm-none-eabi/9.3.1/thumb/v6-m/nofp/libgcc.a(_udivsi3.o)
 .ARM.attributes
                0x0000000000000827       0x1e /Applications/STM32CubeIDE.app/Contents/Eclipse/plugins/com.st.stm32cube.ide.mcu.externaltools.gnu-tools-for-stm32.9-2020-q2-update.macos64_1.5.0.202011040924/tools/bin/../lib/gcc/arm-none-eabi/9.3.1/thumb/v6-m/nofp/libgcc.a(_dvmd_tls.o)
 .ARM.attributes
                0x0000000000000845       0x2c /Applications/STM32CubeIDE.app/Contents/Eclipse/plugins/com.st.stm32cube.ide.mcu.externaltools.gnu-tools-for-stm32.9-2020-q2-update.macos64_1.5.0.202011040924/tools/bin/../lib/gcc/arm-none-eabi/9.3.1/thumb/v6-m/nofp/libgcc.a(_fixunssfsi.o)
 .ARM.attributes
                0x0000000000000871       0x2c /Applications/STM32CubeIDE.app/Contents/Eclipse/plugins/com.st.stm32cube.ide.mcu.externaltools.gnu-tools-for-stm32.9-2020-q2-update.macos64_1.5.0.202011040924/tools/bin/../lib/gcc/arm-none-eabi/9.3.1/thumb/v6-m/nofp/libgcc.a(divsf3.o)
 .ARM.attributes
                0x000000000000089d       0x2c /Applications/STM32CubeIDE.app/Contents/Eclipse/plugins/com.st.stm32cube.ide.mcu.externaltools.gnu-tools-for-stm32.9-2020-q2-update.macos64_1.5.0.202011040924/tools/bin/../lib/gcc/arm-none-eabi/9.3.1/thumb/v6-m/nofp/libgcc.a(mulsf3.o)
 .ARM.attributes
                0x00000000000008c9       0x2c /Applications/STM32CubeIDE.app/Contents/Eclipse/plugins/com.st.stm32cube.ide.mcu.externaltools.gnu-tools-for-stm32.9-2020-q2-update.macos64_1.5.0.202011040924/tools/bin/../lib/gcc/arm-none-eabi/9.3.1/thumb/v6-m/nofp/libgcc.a(subsf3.o)
 .ARM.attributes
                0x00000000000008f5       0x2c /Applications/STM32CubeIDE.app/Contents/Eclipse/plugins/com.st.stm32cube.ide.mcu.externaltools.gnu-tools-for-stm32.9-2020-q2-update.macos64_1.5.0.202011040924/tools/bin/../lib/gcc/arm-none-eabi/9.3.1/thumb/v6-m/nofp/libgcc.a(fixsfsi.o)
 .ARM.attributes
                0x0000000000000921       0x2c /Applications/STM32CubeIDE.app/Contents/Eclipse/plugins/com.st.stm32cube.ide.mcu.externaltools.gnu-tools-for-stm32.9-2020-q2-update.macos64_1.5.0.202011040924/tools/bin/../lib/gcc/arm-none-eabi/9.3.1/thumb/v6-m/nofp/libgcc.a(floatsisf.o)
 .ARM.attributes
                0x000000000000094d       0x2c /Applications/STM32CubeIDE.app/Contents/Eclipse/plugins/com.st.stm32cube.ide.mcu.externaltools.gnu-tools-for-stm32.9-2020-q2-update.macos64_1.5.0.202011040924/tools/bin/../lib/gcc/arm-none-eabi/9.3.1/thumb/v6-m/nofp/libgcc.a(floatunsisf.o)
 .ARM.attributes
                0x0000000000000979       0x1e /Applications/STM32CubeIDE.app/Contents/Eclipse/plugins/com.st.stm32cube.ide.mcu.externaltools.gnu-tools-for-stm32.9-2020-q2-update.macos64_1.5.0.202011040924/tools/bin/../lib/gcc/arm-none-eabi/9.3.1/thumb/v6-m/nofp/libgcc.a(_arm_cmpsf2.o)
 .ARM.attributes
                0x0000000000000997       0x1e /Applications/STM32CubeIDE.app/Contents/Eclipse/plugins/com.st.stm32cube.ide.mcu.externaltools.gnu-tools-for-stm32.9-2020-q2-update.macos64_1.5.0.202011040924/tools/bin/../lib/gcc/arm-none-eabi/9.3.1/thumb/v6-m/nofp/libgcc.a(_clzsi2.o)
 .ARM.attributes
                0x00000000000009b5       0x2c /Applications/STM32CubeIDE.app/Contents/Eclipse/plugins/com.st.stm32cube.ide.mcu.externaltools.gnu-tools-for-stm32.9-2020-q2-update.macos64_1.5.0.202011040924/tools/bin/../lib/gcc/arm-none-eabi/9.3.1/thumb/v6-m/nofp/libgcc.a(eqsf2.o)
 .ARM.attributes
                0x00000000000009e1       0x2c /Applications/STM32CubeIDE.app/Contents/Eclipse/plugins/com.st.stm32cube.ide.mcu.externaltools.gnu-tools-for-stm32.9-2020-q2-update.macos64_1.5.0.202011040924/tools/bin/../lib/gcc/arm-none-eabi/9.3.1/thumb/v6-m/nofp/libgcc.a(gesf2.o)
 .ARM.attributes
                0x0000000000000a0d       0x2c /Applications/STM32CubeIDE.app/Contents/Eclipse/plugins/com.st.stm32cube.ide.mcu.externaltools.gnu-tools-for-stm32.9-2020-q2-update.macos64_1.5.0.202011040924/tools/bin/../lib/gcc/arm-none-eabi/9.3.1/thumb/v6-m/nofp/libgcc.a(lesf2.o)
 .ARM.attributes
                0x0000000000000a39       0x1e /Applications/STM32CubeIDE.app/Contents/Eclipse/plugins/com.st.stm32cube.ide.mcu.externaltools.gnu-tools-for-stm32.9-2020-q2-update.macos64_1.5.0.202011040924/tools/bin/../lib/gcc/arm-none-eabi/9.3.1/thumb/v6-m/nofp/crtn.o
OUTPUT(Tuya.elf elf32-littlearm)
LOAD linker stubs
LOAD /Applications/STM32CubeIDE.app/Contents/Eclipse/plugins/com.st.stm32cube.ide.mcu.externaltools.gnu-tools-for-stm32.9-2020-q2-update.macos64_1.5.0.202011040924/tools/bin/../lib/gcc/arm-none-eabi/9.3.1/../../../../arm-none-eabi/lib/thumb/v6-m/nofp/libc.a
LOAD /Applications/STM32CubeIDE.app/Contents/Eclipse/plugins/com.st.stm32cube.ide.mcu.externaltools.gnu-tools-for-stm32.9-2020-q2-update.macos64_1.5.0.202011040924/tools/bin/../lib/gcc/arm-none-eabi/9.3.1/../../../../arm-none-eabi/lib/thumb/v6-m/nofp/libm.a
LOAD /Applications/STM32CubeIDE.app/Contents/Eclipse/plugins/com.st.stm32cube.ide.mcu.externaltools.gnu-tools-for-stm32.9-2020-q2-update.macos64_1.5.0.202011040924/tools/bin/../lib/gcc/arm-none-eabi/9.3.1/thumb/v6-m/nofp/libgcc.a

.debug_info     0x0000000000000000    0x1430a
 .debug_info    0x0000000000000000     0x1245 Core/Src/HX711.o
 .debug_info    0x0000000000001245      0x3fd Core/Src/gpio.o
 .debug_info    0x0000000000001642      0x9b2 Core/Src/i2c.o
 .debug_info    0x0000000000001ff4     0x194e Core/Src/main.o
 .debug_info    0x0000000000003942      0xb05 Core/Src/oled.o
 .debug_info    0x0000000000004447      0x8e5 Core/Src/sht30.o
 .debug_info    0x0000000000004d2c      0x27d Core/Src/stm32f0xx_hal_msp.o
 .debug_info    0x0000000000004fa9      0x780 Core/Src/stm32f0xx_it.o
 .debug_info    0x0000000000005729      0xa25 Core/Src/sysmem.o
 .debug_info    0x000000000000614e      0x2c3 Core/Src/system_stm32f0xx.o
 .debug_info    0x0000000000006411      0x89e Core/Src/tim.o
 .debug_info    0x0000000000006caf      0xa68 Core/Src/usart.o
 .debug_info    0x0000000000007717       0x22 Core/Startup/startup_stm32f030c8tx.o
 .debug_info    0x0000000000007739      0x6dc Drivers/STM32F0xx_HAL_Driver/Src/stm32f0xx_hal.o
 .debug_info    0x0000000000007e15      0x7be Drivers/STM32F0xx_HAL_Driver/Src/stm32f0xx_hal_cortex.o
 .debug_info    0x00000000000085d3      0x80a Drivers/STM32F0xx_HAL_Driver/Src/stm32f0xx_hal_dma.o
 .debug_info    0x0000000000008ddd      0x6d8 Drivers/STM32F0xx_HAL_Driver/Src/stm32f0xx_hal_gpio.o
 .debug_info    0x00000000000094b5     0x2195 Drivers/STM32F0xx_HAL_Driver/Src/stm32f0xx_hal_i2c.o
 .debug_info    0x000000000000b64a      0x8f2 Drivers/STM32F0xx_HAL_Driver/Src/stm32f0xx_hal_i2c_ex.o
 .debug_info    0x000000000000bf3c      0x88d Drivers/STM32F0xx_HAL_Driver/Src/stm32f0xx_hal_rcc.o
 .debug_info    0x000000000000c7c9      0x401 Drivers/STM32F0xx_HAL_Driver/Src/stm32f0xx_hal_rcc_ex.o
 .debug_info    0x000000000000cbca     0x2a17 Drivers/STM32F0xx_HAL_Driver/Src/stm32f0xx_hal_tim.o
 .debug_info    0x000000000000f5e1     0x1767 Drivers/STM32F0xx_HAL_Driver/Src/stm32f0xx_hal_uart.o
 .debug_info    0x0000000000010d48     0x1109 mcu_sdk/mcu_api.o
 .debug_info    0x0000000000011e51     0x15c6 mcu_sdk/protocol.o
 .debug_info    0x0000000000013417      0xef3 mcu_sdk/system.o

.debug_abbrev   0x0000000000000000     0x3540
 .debug_abbrev  0x0000000000000000      0x27b Core/Src/HX711.o
 .debug_abbrev  0x000000000000027b      0x14e Core/Src/gpio.o
 .debug_abbrev  0x00000000000003c9      0x1c6 Core/Src/i2c.o
 .debug_abbrev  0x000000000000058f      0x27a Core/Src/main.o
 .debug_abbrev  0x0000000000000809      0x24d Core/Src/oled.o
 .debug_abbrev  0x0000000000000a56      0x22d Core/Src/sht30.o
 .debug_abbrev  0x0000000000000c83      0x11d Core/Src/stm32f0xx_hal_msp.o
 .debug_abbrev  0x0000000000000da0      0x1bd Core/Src/stm32f0xx_it.o
 .debug_abbrev  0x0000000000000f5d      0x1bf Core/Src/sysmem.o
 .debug_abbrev  0x000000000000111c      0x145 Core/Src/system_stm32f0xx.o
 .debug_abbrev  0x0000000000001261      0x1f0 Core/Src/tim.o
 .debug_abbrev  0x0000000000001451      0x1c4 Core/Src/usart.o
 .debug_abbrev  0x0000000000001615       0x12 Core/Startup/startup_stm32f030c8tx.o
 .debug_abbrev  0x0000000000001627      0x21e Drivers/STM32F0xx_HAL_Driver/Src/stm32f0xx_hal.o
 .debug_abbrev  0x0000000000001845      0x2a9 Drivers/STM32F0xx_HAL_Driver/Src/stm32f0xx_hal_cortex.o
 .debug_abbrev  0x0000000000001aee      0x213 Drivers/STM32F0xx_HAL_Driver/Src/stm32f0xx_hal_dma.o
 .debug_abbrev  0x0000000000001d01      0x1e8 Drivers/STM32F0xx_HAL_Driver/Src/stm32f0xx_hal_gpio.o
 .debug_abbrev  0x0000000000001ee9      0x267 Drivers/STM32F0xx_HAL_Driver/Src/stm32f0xx_hal_i2c.o
 .debug_abbrev  0x0000000000002150      0x1ee Drivers/STM32F0xx_HAL_Driver/Src/stm32f0xx_hal_i2c_ex.o
 .debug_abbrev  0x000000000000233e      0x23b Drivers/STM32F0xx_HAL_Driver/Src/stm32f0xx_hal_rcc.o
 .debug_abbrev  0x0000000000002579      0x193 Drivers/STM32F0xx_HAL_Driver/Src/stm32f0xx_hal_rcc_ex.o
 .debug_abbrev  0x000000000000270c      0x26f Drivers/STM32F0xx_HAL_Driver/Src/stm32f0xx_hal_tim.o
 .debug_abbrev  0x000000000000297b      0x250 Drivers/STM32F0xx_HAL_Driver/Src/stm32f0xx_hal_uart.o
 .debug_abbrev  0x0000000000002bcb      0x362 mcu_sdk/mcu_api.o
 .debug_abbrev  0x0000000000002f2d      0x2e7 mcu_sdk/protocol.o
 .debug_abbrev  0x0000000000003214      0x32c mcu_sdk/system.o

.debug_aranges  0x0000000000000000     0x10c8
 .debug_aranges
                0x0000000000000000       0x50 Core/Src/HX711.o
 .debug_aranges
                0x0000000000000050       0x20 Core/Src/gpio.o
 .debug_aranges
                0x0000000000000070       0x30 Core/Src/i2c.o
 .debug_aranges
                0x00000000000000a0       0x30 Core/Src/main.o
 .debug_aranges
                0x00000000000000d0       0x98 Core/Src/oled.o
 .debug_aranges
                0x0000000000000168       0x48 Core/Src/sht30.o
 .debug_aranges
                0x00000000000001b0       0x20 Core/Src/stm32f0xx_hal_msp.o
 .debug_aranges
                0x00000000000001d0       0x48 Core/Src/stm32f0xx_it.o
 .debug_aranges
                0x0000000000000218       0x20 Core/Src/sysmem.o
 .debug_aranges
                0x0000000000000238       0x28 Core/Src/system_stm32f0xx.o
 .debug_aranges
                0x0000000000000260       0x38 Core/Src/tim.o
 .debug_aranges
                0x0000000000000298       0x30 Core/Src/usart.o
 .debug_aranges
                0x00000000000002c8       0x28 Core/Startup/startup_stm32f030c8tx.o
 .debug_aranges
                0x00000000000002f0       0xd0 Drivers/STM32F0xx_HAL_Driver/Src/stm32f0xx_hal.o
 .debug_aranges
                0x00000000000003c0       0xc0 Drivers/STM32F0xx_HAL_Driver/Src/stm32f0xx_hal_cortex.o
 .debug_aranges
                0x0000000000000480       0x88 Drivers/STM32F0xx_HAL_Driver/Src/stm32f0xx_hal_dma.o
 .debug_aranges
                0x0000000000000508       0x58 Drivers/STM32F0xx_HAL_Driver/Src/stm32f0xx_hal_gpio.o
 .debug_aranges
                0x0000000000000560      0x290 Drivers/STM32F0xx_HAL_Driver/Src/stm32f0xx_hal_i2c.o
 .debug_aranges
                0x00000000000007f0       0x38 Drivers/STM32F0xx_HAL_Driver/Src/stm32f0xx_hal_i2c_ex.o
 .debug_aranges
                0x0000000000000828       0x80 Drivers/STM32F0xx_HAL_Driver/Src/stm32f0xx_hal_rcc.o
 .debug_aranges
                0x00000000000008a8       0x30 Drivers/STM32F0xx_HAL_Driver/Src/stm32f0xx_hal_rcc_ex.o
 .debug_aranges
                0x00000000000008d8      0x3d0 Drivers/STM32F0xx_HAL_Driver/Src/stm32f0xx_hal_tim.o
 .debug_aranges
                0x0000000000000ca8      0x218 Drivers/STM32F0xx_HAL_Driver/Src/stm32f0xx_hal_uart.o
 .debug_aranges
                0x0000000000000ec0       0xf8 mcu_sdk/mcu_api.o
 .debug_aranges
                0x0000000000000fb8       0x90 mcu_sdk/protocol.o
 .debug_aranges
                0x0000000000001048       0x80 mcu_sdk/system.o

.debug_ranges   0x0000000000000000      0xf60
 .debug_ranges  0x0000000000000000       0x40 Core/Src/HX711.o
 .debug_ranges  0x0000000000000040       0x10 Core/Src/gpio.o
 .debug_ranges  0x0000000000000050       0x20 Core/Src/i2c.o
 .debug_ranges  0x0000000000000070       0x20 Core/Src/main.o
 .debug_ranges  0x0000000000000090       0x88 Core/Src/oled.o
 .debug_ranges  0x0000000000000118       0x38 Core/Src/sht30.o
 .debug_ranges  0x0000000000000150       0x10 Core/Src/stm32f0xx_hal_msp.o
 .debug_ranges  0x0000000000000160       0x38 Core/Src/stm32f0xx_it.o
 .debug_ranges  0x0000000000000198       0x10 Core/Src/sysmem.o
 .debug_ranges  0x00000000000001a8       0x18 Core/Src/system_stm32f0xx.o
 .debug_ranges  0x00000000000001c0       0x28 Core/Src/tim.o
 .debug_ranges  0x00000000000001e8       0x20 Core/Src/usart.o
 .debug_ranges  0x0000000000000208       0x20 Core/Startup/startup_stm32f030c8tx.o
 .debug_ranges  0x0000000000000228       0xc0 Drivers/STM32F0xx_HAL_Driver/Src/stm32f0xx_hal.o
 .debug_ranges  0x00000000000002e8       0xb0 Drivers/STM32F0xx_HAL_Driver/Src/stm32f0xx_hal_cortex.o
 .debug_ranges  0x0000000000000398       0x78 Drivers/STM32F0xx_HAL_Driver/Src/stm32f0xx_hal_dma.o
 .debug_ranges  0x0000000000000410       0x48 Drivers/STM32F0xx_HAL_Driver/Src/stm32f0xx_hal_gpio.o
 .debug_ranges  0x0000000000000458      0x280 Drivers/STM32F0xx_HAL_Driver/Src/stm32f0xx_hal_i2c.o
 .debug_ranges  0x00000000000006d8       0x28 Drivers/STM32F0xx_HAL_Driver/Src/stm32f0xx_hal_i2c_ex.o
 .debug_ranges  0x0000000000000700       0x70 Drivers/STM32F0xx_HAL_Driver/Src/stm32f0xx_hal_rcc.o
 .debug_ranges  0x0000000000000770       0x20 Drivers/STM32F0xx_HAL_Driver/Src/stm32f0xx_hal_rcc_ex.o
 .debug_ranges  0x0000000000000790      0x3c0 Drivers/STM32F0xx_HAL_Driver/Src/stm32f0xx_hal_tim.o
 .debug_ranges  0x0000000000000b50      0x238 Drivers/STM32F0xx_HAL_Driver/Src/stm32f0xx_hal_uart.o
 .debug_ranges  0x0000000000000d88       0xe8 mcu_sdk/mcu_api.o
 .debug_ranges  0x0000000000000e70       0x80 mcu_sdk/protocol.o
 .debug_ranges  0x0000000000000ef0       0x70 mcu_sdk/system.o

.debug_macro    0x0000000000000000    0x12c98
 .debug_macro   0x0000000000000000      0x3e7 Core/Src/HX711.o
 .debug_macro   0x00000000000003e7      0xa7e Core/Src/HX711.o
 .debug_macro   0x0000000000000e65      0x133 Core/Src/HX711.o
 .debug_macro   0x0000000000000f98       0x2e Core/Src/HX711.o
 .debug_macro   0x0000000000000fc6       0x22 Core/Src/HX711.o
 .debug_macro   0x0000000000000fe8       0x22 Core/Src/HX711.o
 .debug_macro   0x000000000000100a       0x8e Core/Src/HX711.o
 .debug_macro   0x0000000000001098       0x51 Core/Src/HX711.o
 .debug_macro   0x00000000000010e9      0x103 Core/Src/HX711.o
 .debug_macro   0x00000000000011ec       0x6a Core/Src/HX711.o
 .debug_macro   0x0000000000001256      0x1df Core/Src/HX711.o
 .debug_macro   0x0000000000001435       0x1c Core/Src/HX711.o
 .debug_macro   0x0000000000001451       0x22 Core/Src/HX711.o
 .debug_macro   0x0000000000001473       0xb5 Core/Src/HX711.o
 .debug_macro   0x0000000000001528      0x391 Core/Src/HX711.o
 .debug_macro   0x00000000000018b9     0x6f39 Core/Src/HX711.o
 .debug_macro   0x00000000000087f2       0x3c Core/Src/HX711.o
 .debug_macro   0x000000000000882e     0x3461 Core/Src/HX711.o
 .debug_macro   0x000000000000bc8f      0x174 Core/Src/HX711.o
 .debug_macro   0x000000000000be03       0x55 Core/Src/HX711.o
 .debug_macro   0x000000000000be58      0x924 Core/Src/HX711.o
 .debug_macro   0x000000000000c77c      0x17f Core/Src/HX711.o
 .debug_macro   0x000000000000c8fb      0x12f Core/Src/HX711.o
 .debug_macro   0x000000000000ca2a       0xd9 Core/Src/HX711.o
 .debug_macro   0x000000000000cb03      0x1a0 Core/Src/HX711.o
 .debug_macro   0x000000000000cca3      0x1ed Core/Src/HX711.o
 .debug_macro   0x000000000000ce90       0x34 Core/Src/HX711.o
 .debug_macro   0x000000000000cec4       0x43 Core/Src/HX711.o
 .debug_macro   0x000000000000cf07       0x28 Core/Src/HX711.o
 .debug_macro   0x000000000000cf2f       0xb0 Core/Src/HX711.o
 .debug_macro   0x000000000000cfdf      0x199 Core/Src/HX711.o
 .debug_macro   0x000000000000d178      0x22c Core/Src/HX711.o
 .debug_macro   0x000000000000d3a4       0x60 Core/Src/HX711.o
 .debug_macro   0x000000000000d404       0xa5 Core/Src/HX711.o
 .debug_macro   0x000000000000d4a9       0x4c Core/Src/HX711.o
 .debug_macro   0x000000000000d4f5       0x2b Core/Src/HX711.o
 .debug_macro   0x000000000000d520      0x8d8 Core/Src/HX711.o
 .debug_macro   0x000000000000ddf8       0x28 Core/Src/HX711.o
 .debug_macro   0x000000000000de20      0x55f Core/Src/HX711.o
 .debug_macro   0x000000000000e37f       0x3e Core/Src/HX711.o
 .debug_macro   0x000000000000e3bd       0xff Core/Src/HX711.o
 .debug_macro   0x000000000000e4bc       0x1c Core/Src/HX711.o
 .debug_macro   0x000000000000e4d8       0x18 Core/Src/HX711.o
 .debug_macro   0x000000000000e4f0       0x52 Core/Src/HX711.o
 .debug_macro   0x000000000000e542       0x3c Core/Src/HX711.o
 .debug_macro   0x000000000000e57e       0x34 Core/Src/HX711.o
 .debug_macro   0x000000000000e5b2       0x16 Core/Src/HX711.o
 .debug_macro   0x000000000000e5c8       0x35 Core/Src/HX711.o
 .debug_macro   0x000000000000e5fd       0x16 Core/Src/HX711.o
 .debug_macro   0x000000000000e613       0x43 Core/Src/HX711.o
 .debug_macro   0x000000000000e656       0x34 Core/Src/HX711.o
 .debug_macro   0x000000000000e68a       0x10 Core/Src/HX711.o
 .debug_macro   0x000000000000e69a       0x58 Core/Src/HX711.o
 .debug_macro   0x000000000000e6f2       0x71 Core/Src/HX711.o
 .debug_macro   0x000000000000e763       0x1c Core/Src/HX711.o
 .debug_macro   0x000000000000e77f      0x12a Core/Src/HX711.o
 .debug_macro   0x000000000000e8a9      0x333 Core/Src/HX711.o
 .debug_macro   0x000000000000ebdc       0x16 Core/Src/HX711.o
 .debug_macro   0x000000000000ebf2       0x29 Core/Src/HX711.o
 .debug_macro   0x000000000000ec1b       0x1c Core/Src/HX711.o
 .debug_macro   0x000000000000ec37       0x10 Core/Src/HX711.o
 .debug_macro   0x000000000000ec47       0x10 Core/Src/HX711.o
 .debug_macro   0x000000000000ec57       0x1c Core/Src/HX711.o
 .debug_macro   0x000000000000ec73       0x52 Core/Src/HX711.o
 .debug_macro   0x000000000000ecc5       0x22 Core/Src/HX711.o
 .debug_macro   0x000000000000ece7       0x10 Core/Src/HX711.o
 .debug_macro   0x000000000000ecf7       0x40 Core/Src/HX711.o
 .debug_macro   0x000000000000ed37       0xd5 Core/Src/HX711.o
 .debug_macro   0x000000000000ee0c       0x1c Core/Src/HX711.o
 .debug_macro   0x000000000000ee28       0x3d Core/Src/HX711.o
 .debug_macro   0x000000000000ee65       0x16 Core/Src/HX711.o
 .debug_macro   0x000000000000ee7b      0x145 Core/Src/HX711.o
 .debug_macro   0x000000000000efc0       0x16 Core/Src/HX711.o
 .debug_macro   0x000000000000efd6       0x20 Core/Src/HX711.o
 .debug_macro   0x000000000000eff6       0xc0 Core/Src/HX711.o
 .debug_macro   0x000000000000f0b6      0x136 Core/Src/HX711.o
 .debug_macro   0x000000000000f1ec       0x10 Core/Src/HX711.o
 .debug_macro   0x000000000000f1fc       0xf7 Core/Src/HX711.o
 .debug_macro   0x000000000000f2f3       0x10 Core/Src/HX711.o
 .debug_macro   0x000000000000f303      0x1db Core/Src/gpio.o
 .debug_macro   0x000000000000f4de      0x1db Core/Src/i2c.o
 .debug_macro   0x000000000000f6b9      0x419 Core/Src/main.o
 .debug_macro   0x000000000000fad2       0x16 Core/Src/main.o
 .debug_macro   0x000000000000fae8      0x1fe Core/Src/oled.o
 .debug_macro   0x000000000000fce6      0x1f7 Core/Src/sht30.o
 .debug_macro   0x000000000000fedd      0x1d1 Core/Src/stm32f0xx_hal_msp.o
 .debug_macro   0x00000000000100ae      0x1db Core/Src/stm32f0xx_it.o
 .debug_macro   0x0000000000010289       0xff Core/Src/sysmem.o
 .debug_macro   0x0000000000010388      0x23b Core/Src/sysmem.o
 .debug_macro   0x00000000000105c3      0x1c2 Core/Src/system_stm32f0xx.o
 .debug_macro   0x0000000000010785      0x1db Core/Src/tim.o
 .debug_macro   0x0000000000010960      0x1db Core/Src/usart.o
 .debug_macro   0x0000000000010b3b      0x1e6 Drivers/STM32F0xx_HAL_Driver/Src/stm32f0xx_hal.o
 .debug_macro   0x0000000000010d21      0x1c2 Drivers/STM32F0xx_HAL_Driver/Src/stm32f0xx_hal_cortex.o
 .debug_macro   0x0000000000010ee3      0x1c2 Drivers/STM32F0xx_HAL_Driver/Src/stm32f0xx_hal_dma.o
 .debug_macro   0x00000000000110a5      0x1fa Drivers/STM32F0xx_HAL_Driver/Src/stm32f0xx_hal_gpio.o
 .debug_macro   0x000000000001129f      0x287 Drivers/STM32F0xx_HAL_Driver/Src/stm32f0xx_hal_i2c.o
 .debug_macro   0x0000000000011526      0x1c2 Drivers/STM32F0xx_HAL_Driver/Src/stm32f0xx_hal_i2c_ex.o
 .debug_macro   0x00000000000116e8      0x1d4 Drivers/STM32F0xx_HAL_Driver/Src/stm32f0xx_hal_rcc.o
 .debug_macro   0x00000000000118bc      0x1c2 Drivers/STM32F0xx_HAL_Driver/Src/stm32f0xx_hal_rcc_ex.o
 .debug_macro   0x0000000000011a7e      0x1c3 Drivers/STM32F0xx_HAL_Driver/Src/stm32f0xx_hal_tim.o
 .debug_macro   0x0000000000011c41      0x1df Drivers/STM32F0xx_HAL_Driver/Src/stm32f0xx_hal_uart.o
 .debug_macro   0x0000000000011e20      0x37b mcu_sdk/mcu_api.o
 .debug_macro   0x000000000001219b       0x97 mcu_sdk/mcu_api.o
 .debug_macro   0x0000000000012232       0xfd mcu_sdk/mcu_api.o
 .debug_macro   0x000000000001232f       0x10 mcu_sdk/mcu_api.o
 .debug_macro   0x000000000001233f       0xaf mcu_sdk/mcu_api.o
 .debug_macro   0x00000000000123ee       0x4f mcu_sdk/mcu_api.o
 .debug_macro   0x000000000001243d      0x388 mcu_sdk/protocol.o
 .debug_macro   0x00000000000127c5       0x22 mcu_sdk/protocol.o
 .debug_macro   0x00000000000127e7      0x37b mcu_sdk/system.o
 .debug_macro   0x0000000000012b62      0x136 mcu_sdk/system.o

.debug_line     0x0000000000000000    0x15971
 .debug_line    0x0000000000000000      0xaef Core/Src/HX711.o
 .debug_line    0x0000000000000aef      0x73a Core/Src/gpio.o
 .debug_line    0x0000000000001229      0x792 Core/Src/i2c.o
 .debug_line    0x00000000000019bb      0xadc Core/Src/main.o
 .debug_line    0x0000000000002497      0xb25 Core/Src/oled.o
 .debug_line    0x0000000000002fbc      0x842 Core/Src/sht30.o
 .debug_line    0x00000000000037fe      0x713 Core/Src/stm32f0xx_hal_msp.o
 .debug_line    0x0000000000003f11      0x7a1 Core/Src/stm32f0xx_it.o
 .debug_line    0x00000000000046b2      0x534 Core/Src/sysmem.o
 .debug_line    0x0000000000004be6      0x782 Core/Src/system_stm32f0xx.o
 .debug_line    0x0000000000005368      0x7a6 Core/Src/tim.o
 .debug_line    0x0000000000005b0e      0x785 Core/Src/usart.o
 .debug_line    0x0000000000006293       0x89 Core/Startup/startup_stm32f030c8tx.o
 .debug_line    0x000000000000631c      0x98d Drivers/STM32F0xx_HAL_Driver/Src/stm32f0xx_hal.o
 .debug_line    0x0000000000006ca9      0xa39 Drivers/STM32F0xx_HAL_Driver/Src/stm32f0xx_hal_cortex.o
 .debug_line    0x00000000000076e2      0xca9 Drivers/STM32F0xx_HAL_Driver/Src/stm32f0xx_hal_dma.o
 .debug_line    0x000000000000838b      0xb14 Drivers/STM32F0xx_HAL_Driver/Src/stm32f0xx_hal_gpio.o
 .debug_line    0x0000000000008e9f     0x32e3 Drivers/STM32F0xx_HAL_Driver/Src/stm32f0xx_hal_i2c.o
 .debug_line    0x000000000000c182      0x84e Drivers/STM32F0xx_HAL_Driver/Src/stm32f0xx_hal_i2c_ex.o
 .debug_line    0x000000000000c9d0      0xd79 Drivers/STM32F0xx_HAL_Driver/Src/stm32f0xx_hal_rcc.o
 .debug_line    0x000000000000d749      0x8ec Drivers/STM32F0xx_HAL_Driver/Src/stm32f0xx_hal_rcc_ex.o
 .debug_line    0x000000000000e035     0x35fb Drivers/STM32F0xx_HAL_Driver/Src/stm32f0xx_hal_tim.o
 .debug_line    0x0000000000011630     0x1c11 Drivers/STM32F0xx_HAL_Driver/Src/stm32f0xx_hal_uart.o
 .debug_line    0x0000000000013241      0xf63 mcu_sdk/mcu_api.o
 .debug_line    0x00000000000141a4      0xb67 mcu_sdk/protocol.o
 .debug_line    0x0000000000014d0b      0xc66 mcu_sdk/system.o

.debug_str      0x0000000000000000    0x672dd
 .debug_str     0x0000000000000000    0x628ed Core/Src/HX711.o
                                      0x62cee (size before relaxing)
 .debug_str     0x00000000000628ed       0xb0 Core/Src/gpio.o
                                      0x5dbd0 (size before relaxing)
 .debug_str     0x000000000006299d      0x2e9 Core/Src/i2c.o
                                      0x5e0ae (size before relaxing)
 .debug_str     0x0000000000062c86      0x3fe Core/Src/main.o
                                      0x6331c (size before relaxing)