oled.c:14:6:WriteCmd	32	static
oled.c:22:6:OLED_WR_CMD	32	static
oled.c:27:6:OLED_WR_DATA	32	static
oled.c:32:6:OLED_Init	8	static
oled.c:38:6:OLED_Clear	16	static
oled.c:51:6:OLED_Clearrow	8	static
oled.c:61:6:OLED_Display_On	8	static
oled.c:68:6:OLED_Display_Off	8	static
oled.c:74:6:OLED_Set_Pos	8	static
oled.c:81:6:OLED_On	16	static
oled.c:93:14:oled_pow	0	static
oled.c:105:6:OLED_ShowChar	24	static
oled.c:132:6:OLED_ShowNum	40	static
oled.c:152:6:OLED_ShowString	32	static
oled.c:164:6:OLED_ShowCHinese	32	static
