mcu_api.c:30:15:hex_to_bcd	24	static
mcu_api.c:61:15:my_strlen	24	static
mcu_api.c:82:7:my_memset	24	static
mcu_api.c:104:7:my_memcpy	40	static
mcu_api.c:133:7:my_strcpy	24	static
mcu_api.c:156:5:my_strcmp	16	static
mcu_api.c:171:6:int_to_byte	16	static
mcu_api.c:184:15:byte_to_int	24	static
mcu_api.c:207:15:mcu_dp_raw_update	32	static
mcu_api.c:234:15:mcu_dp_bool_update	32	static
mcu_api.c:265:15:mcu_dp_value_update	32	static
mcu_api.c:296:15:mcu_dp_string_update	32	static
mcu_api.c:323:15:mcu_dp_enum_update	32	static
mcu_api.c:350:15:mcu_dp_fault_update	32	static
mcu_api.c:574:15:mcu_get_dp_download_bool	16	static
mcu_api.c:586:15:mcu_get_dp_download_enum	16	static
mcu_api.c:598:15:mcu_get_dp_download_value	16	static
mcu_api.c:609:6:uart_receive_input	16	static
mcu_api.c:634:6:uart_receive_buff_input	32	static
mcu_api.c:650:6:wifi_uart_service	24	static
mcu_api.c:715:6:wifi_protocol_init	8	static
mcu_api.c:740:15:mcu_get_reset_wifi_flag	8	static
mcu_api.c:752:6:mcu_reset_wifi	8	static
mcu_api.c:768:15:mcu_get_wifimode_flag	8	static
mcu_api.c:783:6:mcu_set_wifi_mode	32	static
mcu_api.c:807:15:mcu_get_wifi_work_state	8	static
mcu_api.c:846:6:mcu_start_wifitest	8	static
mcu_api.c:859:6:wifi_heart_stop	8	static
