protocol.c:114:6:uart_transmit_output	16	static
protocol.c:149:6:all_data_update	8	static
protocol.c:192:22:dp_download_meal_plan_handle	32	static
protocol.c:216:22:dp_download_quick_feed_handle	40	static
protocol.c:245:22:dp_download_manual_feed_handle	32	static
protocol.c:272:22:dp_download_unit_handle	32	static
protocol.c:309:22:dp_download_slow_feed_handle	40	static
protocol.c:338:22:dp_download_export_calibrate_handle	40	static
protocol.c:367:22:dp_download_weight_calibrate_handle	40	static
protocol.c:396:22:dp_download_factory_reset_handle	40	static
protocol.c:425:22:dp_download_voice_times_handle	32	static
protocol.c:452:22:dp_download_light_handle	40	static
protocol.c:481:22:dp_download_switch_handle	40	static
protocol.c:521:15:dp_download_handle	32	static
protocol.c:588:15:get_download_cmd_total	8	static
protocol.c:707:6:wifi_test_result	16	static
