oled.c:17:6:WriteCmd	32	static
oled.c:25:6:OLED_WR_CMD	32	static
oled.c:30:6:OLED_WR_DATA	32	static
oled.c:35:6:OLED_Init	8	static
oled.c:41:6:OLED_Clear	16	static
oled.c:54:6:OLED_Clearrow	24	static
oled.c:64:6:OLED_Display_On	8	static
oled.c:71:6:OLED_Display_Off	8	static
oled.c:77:6:OLED_Set_Pos	16	static
oled.c:84:6:OLED_On	16	static
oled.c:96:14:oled_pow	24	static
oled.c:108:6:OLED_ShowChar	32	static
oled.c:135:6:OLED_ShowNum	32	static
oled.c:155:6:OLED_ShowString	32	static
oled.c:167:6:OLED_ShowCHinese	32	static
oled.c:184:6:OLED_Update	16	static
